Component: ARM Compiler 5.06 update 5 (build 528) Tool: armlink [4d35e2]

==============================================================================

Section Cross References

    startup_stm32f411xe.o(RESET) refers to startup_stm32f411xe.o(STACK) for __initial_sp
    startup_stm32f411xe.o(RESET) refers to startup_stm32f411xe.o(.text) for Reset_Handler
    startup_stm32f411xe.o(RESET) refers to stm32f4xx_it.o(i.NMI_Handler) for NMI_Handler
    startup_stm32f411xe.o(RESET) refers to stm32f4xx_it.o(i.HardFault_Handler) for HardFault_Handler
    startup_stm32f411xe.o(RESET) refers to stm32f4xx_it.o(i.MemManage_Handler) for MemManage_Handler
    startup_stm32f411xe.o(RESET) refers to stm32f4xx_it.o(i.BusFault_Handler) for BusFault_Handler
    startup_stm32f411xe.o(RESET) refers to stm32f4xx_it.o(i.UsageFault_Handler) for UsageFault_Handler
    startup_stm32f411xe.o(RESET) refers to stm32f4xx_it.o(i.SVC_Handler) for SVC_Handler
    startup_stm32f411xe.o(RESET) refers to stm32f4xx_it.o(i.DebugMon_Handler) for DebugMon_Handler
    startup_stm32f411xe.o(RESET) refers to stm32f4xx_it.o(i.PendSV_Handler) for PendSV_Handler
    startup_stm32f411xe.o(RESET) refers to stm32f4xx_it.o(i.SysTick_Handler) for SysTick_Handler
    startup_stm32f411xe.o(RESET) refers to stm32f4xx_it.o(i.TIM1_UP_TIM10_IRQHandler) for TIM1_UP_TIM10_IRQHandler
    startup_stm32f411xe.o(RESET) refers to stm32f4xx_it.o(i.USART1_IRQHandler) for USART1_IRQHandler
    startup_stm32f411xe.o(RESET) refers to stm32f4xx_it.o(i.EXTI15_10_IRQHandler) for EXTI15_10_IRQHandler
    startup_stm32f411xe.o(RESET) refers to stm32f4xx_it.o(i.RTC_Alarm_IRQHandler) for RTC_Alarm_IRQHandler
    startup_stm32f411xe.o(.text) refers to system_stm32f4xx.o(i.SystemInit) for SystemInit
    startup_stm32f411xe.o(.text) refers to entry.o(.ARM.Collect$$$$00000000) for __main
    oled.o(i.OLED_Clear) refers to oled.o(i.OLED_WR_Byte) for OLED_WR_Byte
    oled.o(i.OLED_Display_Off) refers to oled.o(i.OLED_WR_Byte) for OLED_WR_Byte
    oled.o(i.OLED_Display_On) refers to oled.o(i.OLED_WR_Byte) for OLED_WR_Byte
    oled.o(i.OLED_DrawBMP) refers to oled.o(i.OLED_Set_Pos) for OLED_Set_Pos
    oled.o(i.OLED_DrawBMP) refers to oled.o(i.OLED_WR_Byte) for OLED_WR_Byte
    oled.o(i.OLED_Init) refers to stm32f4xx_hal_gpio.o(i.HAL_GPIO_WritePin) for HAL_GPIO_WritePin
    oled.o(i.OLED_Init) refers to stm32f4xx_hal.o(i.HAL_Delay) for HAL_Delay
    oled.o(i.OLED_Init) refers to oled.o(i.OLED_WR_Byte) for OLED_WR_Byte
    oled.o(i.OLED_Init) refers to oled.o(i.OLED_Clear) for OLED_Clear
    oled.o(i.OLED_Set_Pos) refers to oled.o(i.OLED_WR_Byte) for OLED_WR_Byte
    oled.o(i.OLED_ShowCHinese) refers to oled.o(i.OLED_Set_Pos) for OLED_Set_Pos
    oled.o(i.OLED_ShowCHinese) refers to oled.o(i.OLED_WR_Byte) for OLED_WR_Byte
    oled.o(i.OLED_ShowCHinese) refers to oled.o(.constdata) for .constdata
    oled.o(i.OLED_ShowChar) refers to oled.o(i.OLED_Set_Pos) for OLED_Set_Pos
    oled.o(i.OLED_ShowChar) refers to oled.o(i.OLED_WR_Byte) for OLED_WR_Byte
    oled.o(i.OLED_ShowChar) refers to oled.o(.constdata) for .constdata
    oled.o(i.OLED_ShowNum) refers to oled.o(i.oled_pow) for oled_pow
    oled.o(i.OLED_ShowNum) refers to oled.o(i.OLED_ShowChar) for OLED_ShowChar
    oled.o(i.OLED_ShowString) refers to oled.o(i.OLED_ShowChar) for OLED_ShowChar
    oled.o(i.OLED_Showdecimal) refers to oled.o(i.oled_pow) for oled_pow
    oled.o(i.OLED_Showdecimal) refers to oled.o(i.OLED_ShowChar) for OLED_ShowChar
    oled.o(i.OLED_WR_Byte) refers to stm32f4xx_hal_gpio.o(i.HAL_GPIO_WritePin) for HAL_GPIO_WritePin
    oled.o(i.OLED_WR_Byte) refers to stm32f4xx_hal_spi.o(i.HAL_SPI_Transmit) for HAL_SPI_Transmit
    oled.o(i.OLED_WR_Byte) refers to spi.o(.bss) for hspi1
    main.o(i.Capacitance_Check) refers to main.o(i.Measure_F1T2_680_C) for Measure_F1T2_680_C
    main.o(i.Capacitance_Check) refers to stm32f4xx_hal.o(i.HAL_Delay) for HAL_Delay
    main.o(i.Capacitance_Check) refers to gpio.o(i.GPIO_SwitchMode) for GPIO_SwitchMode
    main.o(i.Capacitance_Check) refers to main.o(i.GetVol2) for GetVol2
    main.o(i.Capacitance_Check) refers to f2d.o(.text) for __aeabi_f2d
    main.o(i.Capacitance_Check) refers to log.o(i.__hardfp_log) for __hardfp_log
    main.o(i.Capacitance_Check) refers to dmul.o(.text) for __aeabi_dmul
    main.o(i.Capacitance_Check) refers to dfltui.o(.text) for __aeabi_ui2d
    main.o(i.Capacitance_Check) refers to ddiv.o(.text) for __aeabi_ddiv
    main.o(i.Capacitance_Check) refers to d2f.o(.text) for __aeabi_d2f
    main.o(i.Capacitance_Check) refers to oled.o(i.OLED_DrawBMP) for OLED_DrawBMP
    main.o(i.Capacitance_Check) refers to oled.o(i.OLED_Showdecimal) for OLED_Showdecimal
    main.o(i.Capacitance_Check) refers to main.o(i.Measure_F1T2_470k_C) for Measure_F1T2_470k_C
    main.o(i.Capacitance_Check) refers to main.o(i.Measure_F1T2_1M_C) for Measure_F1T2_1M_C
    main.o(i.Capacitance_Check) refers to oled.o(i.OLED_ShowCHinese) for OLED_ShowCHinese
[...]
    Removing stm32f4xx_hal_tim_ex.o(i.HAL_TIMEx_OCN_Start_IT), (212 bytes).
    Removing stm32f4xx_hal_tim_ex.o(i.HAL_TIMEx_OCN_Stop), (104 bytes).
    Removing stm32f4xx_hal_tim_ex.o(i.HAL_TIMEx_OCN_Stop_DMA), (168 bytes).
    Removing stm32f4xx_hal_tim_ex.o(i.HAL_TIMEx_OCN_Stop_IT), (170 bytes).
    Removing stm32f4xx_hal_tim_ex.o(i.HAL_TIMEx_OnePulseN_Start), (100 bytes).
    Removing stm32f4xx_hal_tim_ex.o(i.HAL_TIMEx_OnePulseN_Start_IT), (120 bytes).
    Removing stm32f4xx_hal_tim_ex.o(i.HAL_TIMEx_OnePulseN_Stop), (98 bytes).
    Removing stm32f4xx_hal_tim_ex.o(i.HAL_TIMEx_OnePulseN_Stop_IT), (120 bytes).
    Removing stm32f4xx_hal_tim_ex.o(i.HAL_TIMEx_PWMN_Start), (172 bytes).
    Removing stm32f4xx_hal_tim_ex.o(i.HAL_TIMEx_PWMN_Start_DMA), (372 bytes).
    Removing stm32f4xx_hal_tim_ex.o(i.HAL_TIMEx_PWMN_Start_IT), (212 bytes).
    Removing stm32f4xx_hal_tim_ex.o(i.HAL_TIMEx_PWMN_Stop), (104 bytes).
    Removing stm32f4xx_hal_tim_ex.o(i.HAL_TIMEx_PWMN_Stop_DMA), (168 bytes).
    Removing stm32f4xx_hal_tim_ex.o(i.HAL_TIMEx_PWMN_Stop_IT), (170 bytes).
    Removing stm32f4xx_hal_tim_ex.o(i.HAL_TIMEx_RemapConfig), (28 bytes).
    Removing stm32f4xx_hal_tim_ex.o(i.TIMEx_DMACommutationCplt), (16 bytes).
    Removing stm32f4xx_hal_tim_ex.o(i.TIMEx_DMACommutationHalfCplt), (16 bytes).
    Removing stm32f4xx_hal_tim_ex.o(i.TIM_CCxNChannelCmd), (26 bytes).
    Removing stm32f4xx_hal_tim_ex.o(i.TIM_DMADelayPulseNCplt), (94 bytes).
    Removing stm32f4xx_hal_tim_ex.o(i.TIM_DMAErrorCCxN), (62 bytes).
    Removing stm32f4xx_hal_uart.o(.rev16_text), (4 bytes).
    Removing stm32f4xx_hal_uart.o(.revsh_text), (4 bytes).
    Removing stm32f4xx_hal_uart.o(.rrx_text), (6 bytes).
    Removing stm32f4xx_hal_uart.o(i.HAL_HalfDuplex_EnableReceiver), (50 bytes).
    Removing stm32f4xx_hal_uart.o(i.HAL_HalfDuplex_EnableTransmitter), (50 bytes).
    Removing stm32f4xx_hal_uart.o(i.HAL_HalfDuplex_Init), (108 bytes).
    Removing stm32f4xx_hal_uart.o(i.HAL_LIN_Init), (128 bytes).
    Removing stm32f4xx_hal_uart.o(i.HAL_LIN_SendBreak), (60 bytes).
    Removing stm32f4xx_hal_uart.o(i.HAL_MultiProcessor_EnterMuteMode), (60 bytes).
    Removing stm32f4xx_hal_uart.o(i.HAL_MultiProcessor_ExitMuteMode), (60 bytes).
    Removing stm32f4xx_hal_uart.o(i.HAL_MultiProcessor_Init), (142 bytes).
    Removing stm32f4xx_hal_uart.o(i.HAL_UARTEx_ReceiveToIdle), (254 bytes).
    Removing stm32f4xx_hal_uart.o(i.HAL_UARTEx_ReceiveToIdle_DMA), (86 bytes).
    Removing stm32f4xx_hal_uart.o(i.HAL_UARTEx_ReceiveToIdle_IT), (86 bytes).
    Removing stm32f4xx_hal_uart.o(i.HAL_UART_Abort), (210 bytes).
    Removing stm32f4xx_hal_uart.o(i.HAL_UART_AbortCpltCallback), (2 bytes).
    Removing stm32f4xx_hal_uart.o(i.HAL_UART_AbortReceive), (148 bytes).
    Removing stm32f4xx_hal_uart.o(i.HAL_UART_AbortReceiveCpltCallback), (2 bytes).
    Removing stm32f4xx_hal_uart.o(i.HAL_UART_AbortReceive_IT), (152 bytes).
    Removing stm32f4xx_hal_uart.o(i.HAL_UART_AbortTransmit), (98 bytes).
    Removing stm32f4xx_hal_uart.o(i.HAL_UART_AbortTransmitCpltCallback), (2 bytes).
    Removing stm32f4xx_hal_uart.o(i.HAL_UART_AbortTransmit_IT), (104 bytes).
    Removing stm32f4xx_hal_uart.o(i.HAL_UART_Abort_IT), (244 bytes).
    Removing stm32f4xx_hal_uart.o(i.HAL_UART_DMAPause), (146 bytes).
    Removing stm32f4xx_hal_uart.o(i.HAL_UART_DMAResume), (140 bytes).
    Removing stm32f4xx_hal_uart.o(i.HAL_UART_DMAStop), (112 bytes).
    Removing stm32f4xx_hal_uart.o(i.HAL_UART_DeInit), (52 bytes).
    Removing stm32f4xx_hal_uart.o(i.HAL_UART_GetError), (4 bytes).
    Removing stm32f4xx_hal_uart.o(i.HAL_UART_GetState), (10 bytes).
    Removing stm32f4xx_hal_uart.o(i.HAL_UART_MspDeInit), (2 bytes).
    Removing stm32f4xx_hal_uart.o(i.HAL_UART_MspInit), (2 bytes).
    Removing stm32f4xx_hal_uart.o(i.HAL_UART_Receive), (192 bytes).
    Removing stm32f4xx_hal_uart.o(i.HAL_UART_Receive_DMA), (42 bytes).
    Removing stm32f4xx_hal_uart.o(i.HAL_UART_Receive_IT), (42 bytes).
    Removing stm32f4xx_hal_uart.o(i.HAL_UART_RxHalfCpltCallback), (2 bytes).
    Removing stm32f4xx_hal_uart.o(i.HAL_UART_Transmit), (178 bytes).
    Removing stm32f4xx_hal_uart.o(i.HAL_UART_Transmit_DMA), (140 bytes).
    Removing stm32f4xx_hal_uart.o(i.HAL_UART_Transmit_IT), (62 bytes).
    Removing stm32f4xx_hal_uart.o(i.HAL_UART_TxHalfCpltCallback), (2 bytes).
    Removing stm32f4xx_hal_uart.o(i.UART_DMAError), (74 bytes).
    Removing stm32f4xx_hal_uart.o(i.UART_DMAReceiveCplt), (130 bytes).
    Removing stm32f4xx_hal_uart.o(i.UART_DMARxAbortCallback), (44 bytes).
    Removing stm32f4xx_hal_uart.o(i.UART_DMARxHalfCplt), (26 bytes).
    Removing stm32f4xx_hal_uart.o(i.UART_DMARxOnlyAbortCallback), (22 bytes).
    Removing stm32f4xx_hal_uart.o(i.UART_DMATransmitCplt), (66 bytes).
    Removing stm32f4xx_hal_uart.o(i.UART_DMATxAbortCallback), (44 bytes).
    Removing stm32f4xx_hal_uart.o(i.UART_DMATxHalfCplt), (10 bytes).
    Removing stm32f4xx_hal_uart.o(i.UART_DMATxOnlyAbortCallback), (20 bytes).
    Removing stm32f4xx_hal_uart.o(i.UART_EndTxTransfer), (28 bytes).
    Removing stm32f4xx_hal_uart.o(i.UART_Start_Receive_DMA), (148 bytes).
    Removing stm32f4xx_hal_uart.o(i.UART_Start_Receive_IT), (58 bytes).
    Removing stm32f4xx_hal_uart.o(i.UART_WaitOnFlagUntilTimeout), (120 bytes).
    Removing system_stm32f4xx.o(.rev16_text), (4 bytes).
    Removing system_stm32f4xx.o(.revsh_text), (4 bytes).
    Removing system_stm32f4xx.o(.rrx_text), (6 bytes).
    Removing system_stm32f4xx.o(i.SystemCoreClockUpdate), (124 bytes).
    Removing dneg.o(.text), (6 bytes).

582 unused section(s) (total 42966 bytes) removed from the image.

==============================================================================

Image Symbol Table

    Local Symbols

    Symbol Name                              Value     Ov Type        Size  Object(Section)

    ../Core/Src/adc.c                        0x00000000   Number         0  adc.o ABSOLUTE
    ../Core/Src/gpio.c                       0x00000000   Number         0  gpio.o ABSOLUTE
    ../Core/Src/main.c                       0x00000000   Number         0  main.o ABSOLUTE
    ../Core/Src/rtc.c                        0x00000000   Number         0  rtc.o ABSOLUTE
    ../Core/Src/spi.c                        0x00000000   Number         0  spi.o ABSOLUTE
    ../Core/Src/stm32f4xx_hal_msp.c          0x00000000   Number         0  stm32f4xx_hal_msp.o ABSOLUTE
    ../Core/Src/stm32f4xx_it.c               0x00000000   Number         0  stm32f4xx_it.o ABSOLUTE
    ../Core/Src/system_stm32f4xx.c           0x00000000   Number         0  system_stm32f4xx.o ABSOLUTE
    ../Core/Src/tim.c                        0x00000000   Number         0  tim.o ABSOLUTE
    ../Core/Src/usart.c                      0x00000000   Number         0  usart.o ABSOLUTE
    ../Drivers/STM32F4xx_HAL_Driver/Src/stm32f4xx_hal.c 0x00000000   Number         0  stm32f4xx_hal.o ABSOLUTE
    ../Drivers/STM32F4xx_HAL_Driver/Src/stm32f4xx_hal_adc.c 0x00000000   Number         0  stm32f4xx_hal_adc.o ABSOLUTE
    ../Drivers/STM32F4xx_HAL_Driver/Src/stm32f4xx_hal_adc_ex.c 0x00000000   Number         0  stm32f4xx_hal_adc_ex.o ABSOLUTE
    ../Drivers/STM32F4xx_HAL_Driver/Src/stm32f4xx_hal_cortex.c 0x00000000   Number         0  stm32f4xx_hal_cortex.o ABSOLUTE
    ../Drivers/STM32F4xx_HAL_Driver/Src/stm32f4xx_hal_dma.c 0x00000000   Number         0  stm32f4xx_hal_dma.o ABSOLUTE
    ../Drivers/STM32F4xx_HAL_Driver/Src/stm32f4xx_hal_dma_ex.c 0x00000000   Number         0  stm32f4xx_hal_dma_ex.o ABSOLUTE
    ../Drivers/STM32F4xx_HAL_Driver/Src/stm32f4xx_hal_exti.c 0x00000000   Number         0  stm32f4xx_hal_exti.o ABSOLUTE
    ../Drivers/STM32F4xx_HAL_Driver/Src/stm32f4xx_hal_flash.c 0x00000000   Number         0  stm32f4xx_hal_flash.o ABSOLUTE
    ../Drivers/STM32F4xx_HAL_Driver/Src/stm32f4xx_hal_flash_ex.c 0x00000000   Number         0  stm32f4xx_hal_flash_ex.o ABSOLUTE
    ../Drivers/STM32F4xx_HAL_Driver/Src/stm32f4xx_hal_flash_ramfunc.c 0x00000000   Number         0  stm32f4xx_hal_flash_ramfunc.o ABSOLUTE
    ../Drivers/STM32F4xx_HAL_Driver/Src/stm32f4xx_hal_gpio.c 0x00000000   Number         0  stm32f4xx_hal_gpio.o ABSOLUTE
    ../Drivers/STM32F4xx_HAL_Driver/Src/stm32f4xx_hal_pwr.c 0x00000000   Number         0  stm32f4xx_hal_pwr.o ABSOLUTE
    ../Drivers/STM32F4xx_HAL_Driver/Src/stm32f4xx_hal_pwr_ex.c 0x00000000   Number         0  stm32f4xx_hal_pwr_ex.o ABSOLUTE
    ../Drivers/STM32F4xx_HAL_Driver/Src/stm32f4xx_hal_rcc.c 0x00000000   Number         0  stm32f4xx_hal_rcc.o ABSOLUTE
    ../Drivers/STM32F4xx_HAL_Driver/Src/stm32f4xx_hal_rcc_ex.c 0x00000000   Number         0  stm32f4xx_hal_rcc_ex.o ABSOLUTE
    ../Drivers/STM32F4xx_HAL_Driver/Src/stm32f4xx_hal_rtc.c 0x00000000   Number         0  stm32f4xx_hal_rtc.o ABSOLUTE
    ../Drivers/STM32F4xx_HAL_Driver/Src/stm32f4xx_hal_rtc_ex.c 0x00000000   Number         0  stm32f4xx_hal_rtc_ex.o ABSOLUTE
    ../Drivers/STM32F4xx_HAL_Driver/Src/stm32f4xx_hal_spi.c 0x00000000   Number         0  stm32f4xx_hal_spi.o ABSOLUTE
    ../Drivers/STM32F4xx_HAL_Driver/Src/stm32f4xx_hal_tim.c 0x00000000   Number         0  stm32f4xx_hal_tim.o ABSOLUTE
    ../Drivers/STM32F4xx_HAL_Driver/Src/stm32f4xx_hal_tim_ex.c 0x00000000   Number         0  stm32f4xx_hal_tim_ex.o ABSOLUTE
    ../Drivers/STM32F4xx_HAL_Driver/Src/stm32f4xx_hal_uart.c 0x00000000   Number         0  stm32f4xx_hal_uart.o ABSOLUTE
    ../Drivers/STM32F4xx_HAL_Driver/Src/stm32f4xx_ll_adc.c 0x00000000   Number         0  stm32f4xx_ll_adc.o ABSOLUTE
    ../clib/../cmprslib/zerorunl2.c          0x00000000   Number         0  __dczerorl2.o ABSOLUTE
    ../clib/microlib/division.c              0x00000000   Number         0  uldiv.o ABSOLUTE
    ../clib/microlib/errno.c                 0x00000000   Number         0  errno.o ABSOLUTE
    ../clib/microlib/init/entry.s            0x00000000   Number         0  entry5.o ABSOLUTE
    ../clib/microlib/init/entry.s            0x00000000   Number         0  entry8a.o ABSOLUTE
    ../clib/microlib/init/entry.s            0x00000000   Number         0  entry2.o ABSOLUTE
    ../clib/microlib/init/entry.s            0x00000000   Number         0  entry8b.o ABSOLUTE
    ../clib/microlib/init/entry.s            0x00000000   Number         0  entry9a.o ABSOLUTE
    ../clib/microlib/init/entry.s            0x00000000   Number         0  entry10a.o ABSOLUTE
    ../clib/microlib/init/entry.s            0x00000000   Number         0  entry10b.o ABSOLUTE
    ../clib/microlib/init/entry.s            0x00000000   Number         0  entry9b.o ABSOLUTE
    ../clib/microlib/init/entry.s            0x00000000   Number         0  entry.o ABSOLUTE
    ../clib/microlib/init/entry.s            0x00000000   Number         0  entry11b.o ABSOLUTE
    ../clib/microlib/init/entry.s            0x00000000   Number         0  entry7b.o ABSOLUTE
    ../clib/microlib/init/entry.s            0x00000000   Number         0  entry7a.o ABSOLUTE
    ../clib/microlib/init/entry.s            0x00000000   Number         0  entry11a.o ABSOLUTE
    ../clib/microlib/longlong.c              0x00000000   Number         0  llsshr.o ABSOLUTE
    ../clib/microlib/longlong.c              0x00000000   Number         0  llshl.o ABSOLUTE
    ../clib/microlib/longlong.c              0x00000000   Number         0  llushr.o ABSOLUTE
    ../clib/microlib/string/memset.c         0x00000000   Number         0  memseta.o ABSOLUTE
    ../clib/microlib/stubs.s                 0x00000000   Number         0  iusefp.o ABSOLUTE
    ../fplib/microlib/d2f.c                  0x00000000   Number         0  d2f.o ABSOLUTE
    ../fplib/microlib/f2d.c                  0x00000000   Number         0  f2d.o ABSOLUTE
    ../fplib/microlib/fpadd.c                0x00000000   Number         0  dadd.o ABSOLUTE
    ../fplib/microlib/fpdiv.c                0x00000000   Number         0  ddiv.o ABSOLUTE
    ../fplib/microlib/fpepilogue.c           0x00000000   Number         0  depilogue.o ABSOLUTE
    ../fplib/microlib/fpepilogue.c           0x00000000   Number         0  fepilogue.o ABSOLUTE
    ../fplib/microlib/fpfix.c                0x00000000   Number         0  dfixui.o ABSOLUTE
    ../fplib/microlib/fpfix.c                0x00000000   Number         0  dfixi.o ABSOLUTE
    ../fplib/microlib/fpflt.c                0x00000000   Number         0  dflti.o ABSOLUTE
    ../fplib/microlib/fpflt.c                0x00000000   Number         0  dfltui.o ABSOLUTE
    ../fplib/microlib/fpmul.c                0x00000000   Number         0  dmul.o ABSOLUTE
    ../fplib/microlib/fpneg.c                0x00000000   Number         0  dneg.o ABSOLUTE
    ../mathlib/dunder.c                      0x00000000   Number         0  dunder.o ABSOLUTE
    ../mathlib/log.c                         0x00000000   Number         0  log.o ABSOLUTE
    ../mathlib/log.c                         0x00000000   Number         0  log_x.o ABSOLUTE
    ../mathlib/poly.c                        0x00000000   Number         0  poly.o ABSOLUTE
    ../mathlib/qnan.c                        0x00000000   Number         0  qnan.o ABSOLUTE
    ..\Core\Src\adc.c                        0x00000000   Number         0  adc.o ABSOLUTE
    ..\Core\Src\gpio.c                       0x00000000   Number         0  gpio.o ABSOLUTE
    ..\Core\Src\main.c                       0x00000000   Number         0  main.o ABSOLUTE
    ..\Core\Src\oled.c                       0x00000000   Number         0  oled.o ABSOLUTE
    ..\Core\Src\rtc.c                        0x00000000   Number         0  rtc.o ABSOLUTE
    ..\Core\Src\spi.c                        0x00000000   Number         0  spi.o ABSOLUTE
    ..\Core\Src\stm32f4xx_hal_msp.c          0x00000000   Number         0  stm32f4xx_hal_msp.o ABSOLUTE
    ..\Core\Src\stm32f4xx_it.c               0x00000000   Number         0  stm32f4xx_it.o ABSOLUTE
    ..\Core\Src\system_stm32f4xx.c           0x00000000   Number         0  system_stm32f4xx.o ABSOLUTE
    ..\Core\Src\tim.c                        0x00000000   Number         0  tim.o ABSOLUTE
    ..\Core\Src\usart.c                      0x00000000   Number         0  usart.o ABSOLUTE
    ..\Drivers\STM32F4xx_HAL_Driver\Src\stm32f4xx_hal.c 0x00000000   Number         0  stm32f4xx_hal.o ABSOLUTE
    ..\Drivers\STM32F4xx_HAL_Driver\Src\stm32f4xx_hal_adc.c 0x00000000   Number         0  stm32f4xx_hal_adc.o ABSOLUTE
    ..\Drivers\STM32F4xx_HAL_Driver\Src\stm32f4xx_hal_adc_ex.c 0x00000000   Number         0  stm32f4xx_hal_adc_ex.o ABSOLUTE
    ..\Drivers\STM32F4xx_HAL_Driver\Src\stm32f4xx_hal_cortex.c 0x00000000   Number         0  stm32f4xx_hal_cortex.o ABSOLUTE
    ..\Drivers\STM32F4xx_HAL_Driver\Src\stm32f4xx_hal_dma.c 0x00000000   Number         0  stm32f4xx_hal_dma.o ABSOLUTE
    ..\Drivers\STM32F4xx_HAL_Driver\Src\stm32f4xx_hal_dma_ex.c 0x00000000   Number         0  stm32f4xx_hal_dma_ex.o ABSOLUTE
    ..\Drivers\STM32F4xx_HAL_Driver\Src\stm32f4xx_hal_exti.c 0x00000000   Number         0  stm32f4xx_hal_exti.o ABSOLUTE
    ..\Drivers\STM32F4xx_HAL_Driver\Src\stm32f4xx_hal_flash.c 0x00000000   Number         0  stm32f4xx_hal_flash.o ABSOLUTE
    ..\Drivers\STM32F4xx_HAL_Driver\Src\stm32f4xx_hal_flash_ex.c 0x00000000   Number         0  stm32f4xx_hal_flash_ex.o ABSOLUTE
    ..\Drivers\STM32F4xx_HAL_Driver\Src\stm32f4xx_hal_flash_ramfunc.c 0x00000000   Number         0  stm32f4xx_hal_flash_ramfunc.o ABSOLUTE
    ..\Drivers\STM32F4xx_HAL_Driver\Src\stm32f4xx_hal_gpio.c 0x00000000   Number         0  stm32f4xx_hal_gpio.o ABSOLUTE
    ..\Drivers\STM32F4xx_HAL_Driver\Src\stm32f4xx_hal_pwr.c 0x00000000   Number         0  stm32f4xx_hal_pwr.o ABSOLUTE
    ..\Drivers\STM32F4xx_HAL_Driver\Src\stm32f4xx_hal_pwr_ex.c 0x00000000   Number         0  stm32f4xx_hal_pwr_ex.o ABSOLUTE
    ..\Drivers\STM32F4xx_HAL_Driver\Src\stm32f4xx_hal_rcc.c 0x00000000   Number         0  stm32f4xx_hal_rcc.o ABSOLUTE
    ..\Drivers\STM32F4xx_HAL_Driver\Src\stm32f4xx_hal_rcc_ex.c 0x00000000   Number         0  stm32f4xx_hal_rcc_ex.o ABSOLUTE
    ..\Drivers\STM32F4xx_HAL_Driver\Src\stm32f4xx_hal_rtc.c 0x00000000   Number         0  stm32f4xx_hal_rtc.o ABSOLUTE
    ..\Drivers\STM32F4xx_HAL_Driver\Src\stm32f4xx_hal_rtc_ex.c 0x00000000   Number         0  stm32f4xx_hal_rtc_ex.o ABSOLUTE
    ..\Drivers\STM32F4xx_HAL_Driver\Src\stm32f4xx_hal_spi.c 0x00000000   Number         0  stm32f4xx_hal_spi.o ABSOLUTE
    ..\Drivers\STM32F4xx_HAL_Driver\Src\stm32f4xx_hal_tim.c 0x00000000   Number         0  stm32f4xx_hal_tim.o ABSOLUTE
    ..\Drivers\STM32F4xx_HAL_Driver\Src\stm32f4xx_hal_tim_ex.c 0x00000000   Number         0  stm32f4xx_hal_tim_ex.o ABSOLUTE
    ..\Drivers\STM32F4xx_HAL_Driver\Src\stm32f4xx_hal_uart.c 0x00000000   Number         0  stm32f4xx_hal_uart.o ABSOLUTE
    ..\\Core\\Src\\oled.c                    0x00000000   Number         0  oled.o ABSOLUTE
    cdcmple.s                                0x00000000   Number         0  cdcmple.o ABSOLUTE
    dc.s                                     0x00000000   Number         0  dc.o ABSOLUTE
    handlers.s                               0x00000000   Number         0  handlers.o ABSOLUTE
    init.s                                   0x00000000   Number         0  init.o ABSOLUTE
    startup_stm32f411xe.s                    0x00000000   Number         0  startup_stm32f411xe.o ABSOLUTE
    RESET                                    0x08000000   Section      408  startup_stm32f411xe.o(RESET)
    .ARM.Collect$$$$00000000                 0x08000198   Section        0  entry.o(.ARM.Collect$$$$00000000)
    .ARM.Collect$$$$00000001                 0x08000198   Section        4  entry2.o(.ARM.Collect$$$$00000001)
    .ARM.Collect$$$$00000004                 0x0800019c   Section        4  entry5.o(.ARM.Collect$$$$00000004)
    .ARM.Collect$$$$00000008                 0x080001a0   Section        0  entry7b.o(.ARM.Collect$$$$00000008)
    .ARM.Collect$$$$0000000A                 0x080001a0   Section        0  entry8b.o(.ARM.Collect$$$$0000000A)
    .ARM.Collect$$$$0000000B                 0x080001a0   Section        8  entry9a.o(.ARM.Collect$$$$0000000B)
    .ARM.Collect$$$$0000000D                 0x080001a8   Section        0  entry10a.o(.ARM.Collect$$$$0000000D)
    .ARM.Collect$$$$0000000F                 0x080001a8   Section        0  entry11a.o(.ARM.Collect$$$$0000000F)
    .ARM.Collect$$$$00002712                 0x080001a8   Section        4  entry2.o(.ARM.Collect$$$$00002712)
    __lit__00000000                          0x080001a8   Data           4  entry2.o(.ARM.Collect$$$$00002712)
    .text                                    0x080001ac   Section       36  startup_stm32f411xe.o(.text)
    $v0                                      0x080001ac   Number         0  startup_stm32f411xe.o(.text)
    .text                                    0x080001d0   Section        0  uldiv.o(.text)
    .text                                    0x08000232   Section        0  memseta.o(.text)
    .text                                    0x08000256   Section        0  dadd.o(.text)
    .text                                    0x080003a4   Section        0  dmul.o(.text)
    .text                                    0x08000488   Section        0  ddiv.o(.text)
    .text                                    0x08000566   Section        0  dfltui.o(.text)
    .text                                    0x08000580   Section        0  dfixi.o(.text)
    .text                                    0x080005be   Section        0  dfixui.o(.text)
    .text                                    0x080005f0   Section        0  f2d.o(.text)
    .text                                    0x08000616   Section        0  d2f.o(.text)
    .text                                    0x0800064e   Section        0  llshl.o(.text)
    .text                                    0x0800066c   Section        0  llushr.o(.text)
    .text                                    0x0800068c   Section        0  llsshr.o(.text)
    .text                                    0x080006b0   Section        0  fepilogue.o(.text)
    .text                                    0x080006b0   Section        0  iusefp.o(.text)
    .text                                    0x0800071e   Section        0  depilogue.o(.text)
    .text                                    0x080007d8   Section        0  dflti.o(.text)
    .text                                    0x080007fc   Section       48  cdcmple.o(.text)
    .text                                    0x0800082c   Section       36  init.o(.text)
    .text                                    0x08000850   Section        0  __dczerorl2.o(.text)
    i.ADC_Init                               0x080008a8   Section        0  stm32f4xx_hal_adc.o(i.ADC_Init)
    ADC_Init                                 0x080008a9   Thumb Code   284  stm32f4xx_hal_adc.o(i.ADC_Init)
    i.BusFault_Handler                       0x080009d0   Section        0  stm32f4xx_it.o(i.BusFault_Handler)
    i.Capacitance_Check                      0x080009d4   Section        0  main.o(i.Capacitance_Check)
    i.DebugMon_Handler                       0x08000ce4   Section        0  stm32f4xx_it.o(i.DebugMon_Handler)
    i.Diode_Check_1                          0x08000ce8   Section        0  main.o(i.Diode_Check_1)
    i.Diode_Check_2                          0x08000d80   Section        0  main.o(i.Diode_Check_2)
    i.EXTI15_10_IRQHandler                   0x08000e24   Section        0  stm32f4xx_it.o(i.EXTI15_10_IRQHandler)
    i.Element_Type                           0x08000e2c   Section        0  main.o(i.Element_Type)
    i.Error_Handler                          0x08000efc   Section        0  main.o(i.Error_Handler)
    i.GPIO_SwitchMode                        0x08000f00   Section        0  gpio.o(i.GPIO_SwitchMode)
    i.GetVol                                 0x08000f78   Section        0  main.o(i.GetVol)
    i.GetVol1                                0x0800102c   Section        0  main.o(i.GetVol1)
    i.GetVol2                                0x080010b4   Section        0  main.o(i.GetVol2)
    i.HAL_ADC_ConfigChannel                  0x08001120   Section        0  stm32f4xx_hal_adc.o(i.HAL_ADC_ConfigChannel)
    i.HAL_ADC_GetValue                       0x08001284   Section        0  stm32f4xx_hal_adc.o(i.HAL_ADC_GetValue)
    i.HAL_ADC_Init                           0x0800128a   Section        0  stm32f4xx_hal_adc.o(i.HAL_ADC_Init)
    i.HAL_ADC_MspInit                        0x080012e0   Section        0  adc.o(i.HAL_ADC_MspInit)
    i.HAL_ADC_PollForConversion              0x08001340   Section        0  stm32f4xx_hal_adc.o(i.HAL_ADC_PollForConversion)
    i.HAL_ADC_Start                          0x080013ec   Section        0  stm32f4xx_hal_adc.o(i.HAL_ADC_Start)
    i.HAL_ADC_Stop                           0x080014b8   Section        0  stm32f4xx_hal_adc.o(i.HAL_ADC_Stop)
    i.HAL_DMA_Abort                          0x080014f4   Section        0  stm32f4xx_hal_dma.o(i.HAL_DMA_Abort)
    i.HAL_DMA_Abort_IT                       0x08001586   Section        0  stm32f4xx_hal_dma.o(i.HAL_DMA_Abort_IT)
    i.HAL_Delay                              0x080015ac   Section        0  stm32f4xx_hal.o(i.HAL_Delay)
    i.HAL_GPIO_EXTI_Callback                 0x080015d0   Section        0  main.o(i.HAL_GPIO_EXTI_Callback)
    i.HAL_GPIO_EXTI_IRQHandler               0x08001640   Section        0  stm32f4xx_hal_gpio.o(i.HAL_GPIO_EXTI_IRQHandler)
    i.HAL_GPIO_Init                          0x08001658   Section        0  stm32f4xx_hal_gpio.o(i.HAL_GPIO_Init)
    i.HAL_GPIO_ReadPin                       0x08001838   Section        0  stm32f4xx_hal_gpio.o(i.HAL_GPIO_ReadPin)
    i.HAL_GPIO_WritePin                      0x08001842   Section        0  stm32f4xx_hal_gpio.o(i.HAL_GPIO_WritePin)
    i.HAL_GetTick                            0x0800184c   Section        0  stm32f4xx_hal.o(i.HAL_GetTick)
    i.HAL_IncTick                            0x08001858   Section        0  stm32f4xx_hal.o(i.HAL_IncTick)
    i.HAL_Init                               0x08001868   Section        0  stm32f4xx_hal.o(i.HAL_Init)
    i.HAL_InitTick                           0x0800189c   Section        0  stm32f4xx_hal.o(i.HAL_InitTick)
    i.HAL_MspInit                            0x080018dc   Section        0  stm32f4xx_hal_msp.o(i.HAL_MspInit)
    i.HAL_NVIC_EnableIRQ                     0x0800190c   Section        0  stm32f4xx_hal_cortex.o(i.HAL_NVIC_EnableIRQ)
    i.HAL_NVIC_SetPriority                   0x08001928   Section        0  stm32f4xx_hal_cortex.o(i.HAL_NVIC_SetPriority)
    i.HAL_NVIC_SetPriorityGrouping           0x08001968   Section        0  stm32f4xx_hal_cortex.o(i.HAL_NVIC_SetPriorityGrouping)
    i.HAL_RCCEx_PeriphCLKConfig              0x0800198c   Section        0  stm32f4xx_hal_rcc_ex.o(i.HAL_RCCEx_PeriphCLKConfig)
    i.HAL_RCC_ClockConfig                    0x08001ae0   Section        0  stm32f4xx_hal_rcc.o(i.HAL_RCC_ClockConfig)
    i.HAL_RCC_GetPCLK1Freq                   0x08001c14   Section        0  stm32f4xx_hal_rcc.o(i.HAL_RCC_GetPCLK1Freq)
    i.HAL_RCC_GetPCLK2Freq                   0x08001c34   Section        0  stm32f4xx_hal_rcc.o(i.HAL_RCC_GetPCLK2Freq)
    i.HAL_RCC_GetSysClockFreq                0x08001c54   Section        0  stm32f4xx_hal_rcc.o(i.HAL_RCC_GetSysClockFreq)
    i.HAL_RCC_OscConfig                      0x08001cb8   Section        0  stm32f4xx_hal_rcc.o(i.HAL_RCC_OscConfig)
    i.HAL_RTCEx_AlarmBEventCallback          0x08002024   Section        0  stm32f4xx_hal_rtc_ex.o(i.HAL_RTCEx_AlarmBEventCallback)
    i.HAL_RTC_AlarmAEventCallback            0x08002026   Section        0  stm32f4xx_hal_rtc.o(i.HAL_RTC_AlarmAEventCallback)
    i.HAL_RTC_AlarmIRQHandler                0x08002028   Section        0  stm32f4xx_hal_rtc.o(i.HAL_RTC_AlarmIRQHandler)
    i.HAL_RTC_Init                           0x08002084   Section        0  stm32f4xx_hal_rtc.o(i.HAL_RTC_Init)
    i.HAL_RTC_MspInit                        0x08002110   Section        0  rtc.o(i.HAL_RTC_MspInit)
    i.HAL_RTC_SetAlarm_IT                    0x0800215c   Section        0  stm32f4xx_hal_rtc.o(i.HAL_RTC_SetAlarm_IT)
    i.HAL_RTC_SetDate                        0x080022fc   Section        0  stm32f4xx_hal_rtc.o(i.HAL_RTC_SetDate)
    i.HAL_RTC_SetTime                        0x08002394   Section        0  stm32f4xx_hal_rtc.o(i.HAL_RTC_SetTime)
    i.HAL_RTC_WaitForSynchro                 0x08002454   Section        0  stm32f4xx_hal_rtc.o(i.HAL_RTC_WaitForSynchro)
    i.HAL_SPI_Init                           0x0800248a   Section        0  stm32f4xx_hal_spi.o(i.HAL_SPI_Init)
    i.HAL_SPI_MspInit                        0x08002548   Section        0  spi.o(i.HAL_SPI_MspInit)
    i.HAL_SPI_Transmit                       0x080025b0   Section        0  stm32f4xx_hal_spi.o(i.HAL_SPI_Transmit)
    i.HAL_SYSTICK_Config                     0x08002716   Section        0  stm32f4xx_hal_cortex.o(i.HAL_SYSTICK_Config)
    i.HAL_TIMEx_BreakCallback                0x0800273e   Section        0  stm32f4xx_hal_tim_ex.o(i.HAL_TIMEx_BreakCallback)
    i.HAL_TIMEx_CommutCallback               0x08002740   Section        0  stm32f4xx_hal_tim_ex.o(i.HAL_TIMEx_CommutCallback)
    i.HAL_TIMEx_MasterConfigSynchronization  0x08002744   Section        0  stm32f4xx_hal_tim_ex.o(i.HAL_TIMEx_MasterConfigSynchronization)
    i.HAL_TIM_Base_Init                      0x080027c0   Section        0  stm32f4xx_hal_tim.o(i.HAL_TIM_Base_Init)
    i.HAL_TIM_Base_MspInit                   0x0800281c   Section        0  tim.o(i.HAL_TIM_Base_MspInit)
    i.HAL_TIM_Base_Start_IT                  0x08002858   Section        0  stm32f4xx_hal_tim.o(i.HAL_TIM_Base_Start_IT)
    i.HAL_TIM_ConfigClockSource              0x080028c4   Section        0  stm32f4xx_hal_tim.o(i.HAL_TIM_ConfigClockSource)
    i.HAL_TIM_IC_CaptureCallback             0x080029a0   Section        0  stm32f4xx_hal_tim.o(i.HAL_TIM_IC_CaptureCallback)
    i.HAL_TIM_IRQHandler                     0x080029a2   Section        0  stm32f4xx_hal_tim.o(i.HAL_TIM_IRQHandler)
    i.HAL_TIM_OC_DelayElapsedCallback        0x08002b08   Section        0  stm32f4xx_hal_tim.o(i.HAL_TIM_OC_DelayElapsedCallback)
    i.HAL_TIM_PWM_PulseFinishedCallback      0x08002b0a   Section        0  stm32f4xx_hal_tim.o(i.HAL_TIM_PWM_PulseFinishedCallback)
    i.HAL_TIM_PeriodElapsedCallback          0x08002b0c   Section        0  main.o(i.HAL_TIM_PeriodElapsedCallback)
    i.HAL_TIM_TriggerCallback                0x08002b28   Section        0  stm32f4xx_hal_tim.o(i.HAL_TIM_TriggerCallback)
    i.HAL_UARTEx_RxEventCallback             0x08002b2a   Section        0  stm32f4xx_hal_uart.o(i.HAL_UARTEx_RxEventCallback)
    i.HAL_UART_ErrorCallback                 0x08002b2c   Section        0  stm32f4xx_hal_uart.o(i.HAL_UART_ErrorCallback)
    i.HAL_UART_IRQHandler                    0x08002b30   Section        0  stm32f4xx_hal_uart.o(i.HAL_UART_IRQHandler)
    i.HAL_UART_Init                          0x08002d98   Section        0  stm32f4xx_hal_uart.o(i.HAL_UART_Init)
    i.HAL_UART_MspInit                       0x08002dfc   Section        0  usart.o(i.HAL_UART_MspInit)
    i.HAL_UART_RxCpltCallback                0x08002e78   Section        0  stm32f4xx_hal_uart.o(i.HAL_UART_RxCpltCallback)
    i.HAL_UART_TxCpltCallback                0x08002e7a   Section        0  stm32f4xx_hal_uart.o(i.HAL_UART_TxCpltCallback)
    i.HardFault_Handler                      0x08002e7c   Section        0  stm32f4xx_it.o(i.HardFault_Handler)
    i.Inductance_Check                       0x08002e80   Section        0  main.o(i.Inductance_Check)
    i.MX_ADC1_Init                           0x08002f48   Section        0  adc.o(i.MX_ADC1_Init)
    i.MX_GPIO_Init                           0x08002fc0   Section        0  gpio.o(i.MX_GPIO_Init)
    i.MX_RTC_Init                            0x080030e4   Section        0  rtc.o(i.MX_RTC_Init)
    i.MX_SPI1_Init                           0x080031a0   Section        0  spi.o(i.MX_SPI1_Init)
    i.MX_TIM1_Init                           0x080031e8   Section        0  tim.o(i.MX_TIM1_Init)
    i.MX_USART1_UART_Init                    0x08003250   Section        0  usart.o(i.MX_USART1_UART_Init)
    i.Measure_F1T2_1M_C                      0x08003288   Section        0  main.o(i.Measure_F1T2_1M_C)
    i.Measure_F1T2_470k_C                    0x080032d4   Section        0  main.o(i.Measure_F1T2_470k_C)
    i.Measure_F1T2_470k_R                    0x08003320   Section        0  main.o(i.Measure_F1T2_470k_R)
    i.Measure_F1T2_680_C                     0x0800336c   Section        0  main.o(i.Measure_F1T2_680_C)
    i.Measure_F1T2_680_L                     0x080033b8   Section        0  main.o(i.Measure_F1T2_680_L)
    i.Measure_F1T2_680_R                     0x08003404   Section        0  main.o(i.Measure_F1T2_680_R)
    i.MemManage_Handler                      0x08003450   Section        0  stm32f4xx_it.o(i.MemManage_Handler)
    i.Mode_Init                              0x08003454   Section        0  main.o(i.Mode_Init)
    i.NMI_Handler                            0x080034c0   Section        0  stm32f4xx_it.o(i.NMI_Handler)
    i.OLED_Clear                             0x080034c2   Section        0  oled.o(i.OLED_Clear)
    i.OLED_DrawBMP                           0x080034fe   Section        0  oled.o(i.OLED_DrawBMP)
    i.OLED_Init                              0x08003540   Section        0  oled.o(i.OLED_Init)
    i.OLED_Set_Pos                           0x08003654   Section        0  oled.o(i.OLED_Set_Pos)
    i.OLED_ShowCHinese                       0x08003680   Section        0  oled.o(i.OLED_ShowCHinese)
    i.OLED_ShowChar                          0x080036d0   Section        0  oled.o(i.OLED_ShowChar)
    i.OLED_ShowNum                           0x08003734   Section        0  oled.o(i.OLED_ShowNum)
    i.OLED_ShowString                        0x08003796   Section        0  oled.o(i.OLED_ShowString)
    i.OLED_Showdecimal                       0x080037c8   Section        0  oled.o(i.OLED_Showdecimal)
    i.OLED_WR_Byte                           0x080038c0   Section        0  oled.o(i.OLED_WR_Byte)
    i.PendSV_Handler                         0x08003910   Section        0  stm32f4xx_it.o(i.PendSV_Handler)
    i.RTC_Alarm_IRQHandler                   0x08003914   Section        0  stm32f4xx_it.o(i.RTC_Alarm_IRQHandler)
    i.RTC_ByteToBcd2                         0x08003920   Section        0  stm32f4xx_hal_rtc.o(i.RTC_ByteToBcd2)
    i.RTC_EnterInitMode                      0x08003938   Section        0  stm32f4xx_hal_rtc.o(i.RTC_EnterInitMode)
    i.RTC_ExitInitMode                       0x08003980   Section        0  stm32f4xx_hal_rtc.o(i.RTC_ExitInitMode)
    i.Resistance_Check                       0x080039ac   Section        0  main.o(i.Resistance_Check)
    i.SPI_EndRxTxTransaction                 0x08003ab4   Section        0  stm32f4xx_hal_spi.o(i.SPI_EndRxTxTransaction)
    SPI_EndRxTxTransaction                   0x08003ab5   Thumb Code    80  stm32f4xx_hal_spi.o(i.SPI_EndRxTxTransaction)
    i.SPI_WaitFlagStateUntilTimeout          0x08003b0c   Section        0  stm32f4xx_hal_spi.o(i.SPI_WaitFlagStateUntilTimeout)
    SPI_WaitFlagStateUntilTimeout            0x08003b0d   Thumb Code   180  stm32f4xx_hal_spi.o(i.SPI_WaitFlagStateUntilTimeout)
    i.SVC_Handler                            0x08003bc4   Section        0  stm32f4xx_it.o(i.SVC_Handler)
    i.SysTick_Handler                        0x08003bc6   Section        0  stm32f4xx_it.o(i.SysTick_Handler)
    i.SystemClock_Config                     0x08003bcc   Section        0  main.o(i.SystemClock_Config)
    i.SystemInit                             0x08003c64   Section        0  system_stm32f4xx.o(i.SystemInit)
    i.TIM1_UP_TIM10_IRQHandler               0x08003c74   Section        0  stm32f4xx_it.o(i.TIM1_UP_TIM10_IRQHandler)
    i.TIM_Base_SetConfig                     0x08003c80   Section        0  stm32f4xx_hal_tim.o(i.TIM_Base_SetConfig)
    i.TIM_ETR_SetConfig                      0x08003d18   Section        0  stm32f4xx_hal_tim.o(i.TIM_ETR_SetConfig)
    i.TIM_ITRx_SetConfig                     0x08003d2c   Section        0  stm32f4xx_hal_tim.o(i.TIM_ITRx_SetConfig)
    TIM_ITRx_SetConfig                       0x08003d2d   Thumb Code    16  stm32f4xx_hal_tim.o(i.TIM_ITRx_SetConfig)
    i.TIM_TI1_ConfigInputStage               0x08003d3c   Section        0  stm32f4xx_hal_tim.o(i.TIM_TI1_ConfigInputStage)
    TIM_TI1_ConfigInputStage                 0x08003d3d   Thumb Code    34  stm32f4xx_hal_tim.o(i.TIM_TI1_ConfigInputStage)
    i.TIM_TI2_ConfigInputStage               0x08003d5e   Section        0  stm32f4xx_hal_tim.o(i.TIM_TI2_ConfigInputStage)
    TIM_TI2_ConfigInputStage                 0x08003d5f   Thumb Code    36  stm32f4xx_hal_tim.o(i.TIM_TI2_ConfigInputStage)
    i.UART_DMAAbortOnError                   0x08003d82   Section        0  stm32f4xx_hal_uart.o(i.UART_DMAAbortOnError)
    UART_DMAAbortOnError                     0x08003d83   Thumb Code    16  stm32f4xx_hal_uart.o(i.UART_DMAAbortOnError)
    i.UART_EndRxTransfer                     0x08003d92   Section        0  stm32f4xx_hal_uart.o(i.UART_EndRxTransfer)
    UART_EndRxTransfer                       0x08003d93   Thumb Code    78  stm32f4xx_hal_uart.o(i.UART_EndRxTransfer)
    i.UART_Receive_IT                        0x08003de0   Section        0  stm32f4xx_hal_uart.o(i.UART_Receive_IT)
    UART_Receive_IT                          0x08003de1   Thumb Code   192  stm32f4xx_hal_uart.o(i.UART_Receive_IT)
    i.UART_SetConfig                         0x08003ea0   Section        0  stm32f4xx_hal_uart.o(i.UART_SetConfig)
    UART_SetConfig                           0x08003ea1   Thumb Code   258  stm32f4xx_hal_uart.o(i.UART_SetConfig)
    i.USART1_IRQHandler                      0x08003fac   Section        0  stm32f4xx_it.o(i.USART1_IRQHandler)
    i.UsageFault_Handler                     0x08003fb8   Section        0  stm32f4xx_it.o(i.UsageFault_Handler)
    i.__NVIC_SetPriority                     0x08003fba   Section        0  stm32f4xx_hal_cortex.o(i.__NVIC_SetPriority)
    __NVIC_SetPriority                       0x08003fbb   Thumb Code    32  stm32f4xx_hal_cortex.o(i.__NVIC_SetPriority)
    i.__hardfp_log                           0x08003fe0   Section        0  log.o(i.__hardfp_log)
    i.__kernel_poly                          0x080043a4   Section        0  poly.o(i.__kernel_poly)
    i.__mathlib_dbl_divzero                  0x080044a0   Section        0  dunder.o(i.__mathlib_dbl_divzero)
    i.__mathlib_dbl_infnan                   0x080044d0   Section        0  dunder.o(i.__mathlib_dbl_infnan)
    i.__mathlib_dbl_invalid                  0x080044e8   Section        0  dunder.o(i.__mathlib_dbl_invalid)
    i.__scatterload_copy                     0x08004508   Section       14  handlers.o(i.__scatterload_copy)
    i.__scatterload_null                     0x08004516   Section        2  handlers.o(i.__scatterload_null)
    i.__scatterload_zeroinit                 0x08004518   Section       14  handlers.o(i.__scatterload_zeroinit)
    i.__set_errno                            0x08004528   Section        0  errno.o(i.__set_errno)
    i.main                                   0x08004534   Section        0  main.o(i.main)
    i.oled_pow                               0x080045b0   Section        0  oled.o(i.oled_pow)
    .constdata                               0x080045c0   Section     2992  oled.o(.constdata)
    .constdata                               0x08005170   Section       16  system_stm32f4xx.o(.constdata)
    .constdata                               0x08005180   Section        8  system_stm32f4xx.o(.constdata)
    .constdata                               0x08005188   Section       56  log.o(.constdata)
    Lg2                                      0x08005188   Data          24  log.o(.constdata)
    Lg                                       0x080051a0   Data          32  log.o(.constdata)
    .constdata                               0x080051c0   Section        8  qnan.o(.constdata)
    .data                                    0x20000000   Section      388  main.o(.data)
    .data                                    0x20000184   Section       12  stm32f4xx_hal.o(.data)
    .data                                    0x20000190   Section        4  system_stm32f4xx.o(.data)
    .data                                    0x20000194   Section        4  errno.o(.data)
    _errno                                   0x20000194   Data           4  errno.o(.data)
    .bss                                     0x20000198   Section       72  adc.o(.bss)
    .bss                                     0x200001e0   Section       32  rtc.o(.bss)
    .bss                                     0x20000200   Section       88  spi.o(.bss)
    .bss                                     0x20000258   Section       72  tim.o(.bss)
    .bss                                     0x200002a0   Section       68  usart.o(.bss)
    STACK                                    0x200002e8   Section     1024  startup_stm32f411xe.o(STACK)

    Global Symbols

    Symbol Name                              Value     Ov Type        Size  Object(Section)

    BuildAttributes$$THM_ISAv4$E$P$D$K$B$S$7EM$VFPi3$EXTD16$VFPS$VFMA$PE$A:L22UL41UL21$X:L11$S22US41US21$IEEE1$IW$USESV6$~STKCKD$USESV7$~SHL$OTIME$ROPI$IEEEX$EBA8$MICROLIB$REQ8$PRES8$EABIv2 0x00000000   Number         0  anon$$obj.o ABSOLUTE
    __ARM_use_no_argv                        0x00000000   Number         0  main.o ABSOLUTE
    __cpp_initialize__aeabi_                  - Undefined Weak Reference
    __cxa_finalize                            - Undefined Weak Reference
    _clock_init                               - Undefined Weak Reference
    _microlib_exit                            - Undefined Weak Reference
    __Vectors_Size                           0x00000198   Number         0  startup_stm32f411xe.o ABSOLUTE
    __Vectors                                0x08000000   Data           4  startup_stm32f411xe.o(RESET)
    __Vectors_End                            0x08000198   Data           0  startup_stm32f411xe.o(RESET)
    __main                                   0x08000199   Thumb Code     0  entry.o(.ARM.Collect$$$$00000000)
    _main_stk                                0x08000199   Thumb Code     0  entry2.o(.ARM.Collect$$$$00000001)
    _main_scatterload                        0x0800019d   Thumb Code     0  entry5.o(.ARM.Collect$$$$00000004)
    __main_after_scatterload                 0x080001a1   Thumb Code     0  entry5.o(.ARM.Collect$$$$00000004)
    _main_clock                              0x080001a1   Thumb Code     0  entry7b.o(.ARM.Collect$$$$00000008)
    _main_cpp_init                           0x080001a1   Thumb Code     0  entry8b.o(.ARM.Collect$$$$0000000A)
    _main_init                               0x080001a1   Thumb Code     0  entry9a.o(.ARM.Collect$$$$0000000B)
    __rt_final_cpp                           0x080001a9   Thumb Code     0  entry10a.o(.ARM.Collect$$$$0000000D)
    __rt_final_exit                          0x080001a9   Thumb Code     0  entry11a.o(.ARM.Collect$$$$0000000F)
    Reset_Handler                            0x080001ad   Thumb Code     8  startup_stm32f411xe.o(.text)
    ADC_IRQHandler                           0x080001c7   Thumb Code     0  startup_stm32f411xe.o(.text)
    DMA1_Stream0_IRQHandler                  0x080001c7   Thumb Code     0  startup_stm32f411xe.o(.text)
    DMA1_Stream1_IRQHandler                  0x080001c7   Thumb Code     0  startup_stm32f411xe.o(.text)
    DMA1_Stream2_IRQHandler                  0x080001c7   Thumb Code     0  startup_stm32f411xe.o(.text)
    DMA1_Stream3_IRQHandler                  0x080001c7   Thumb Code     0  startup_stm32f411xe.o(.text)
    DMA1_Stream4_IRQHandler                  0x080001c7   Thumb Code     0  startup_stm32f411xe.o(.text)
    DMA1_Stream5_IRQHandler                  0x080001c7   Thumb Code     0  startup_stm32f411xe.o(.text)
    DMA1_Stream6_IRQHandler                  0x080001c7   Thumb Code     0  startup_stm32f411xe.o(.text)
    DMA1_Stream7_IRQHandler                  0x080001c7   Thumb Code     0  startup_stm32f411xe.o(.text)
    DMA2_Stream0_IRQHandler                  0x080001c7   Thumb Code     0  startup_stm32f411xe.o(.text)
    DMA2_Stream1_IRQHandler                  0x080001c7   Thumb Code     0  startup_stm32f411xe.o(.text)
    DMA2_Stream2_IRQHandler                  0x080001c7   Thumb Code     0  startup_stm32f411xe.o(.text)
    DMA2_Stream3_IRQHandler                  0x080001c7   Thumb Code     0  startup_stm32f411xe.o(.text)
    DMA2_Stream4_IRQHandler                  0x080001c7   Thumb Code     0  startup_stm32f411xe.o(.text)
    DMA2_Stream5_IRQHandler                  0x080001c7   Thumb Code     0  startup_stm32f411xe.o(.text)
    DMA2_Stream6_IRQHandler                  0x080001c7   Thumb Code     0  startup_stm32f411xe.o(.text)
    DMA2_Stream7_IRQHandler                  0x080001c7   Thumb Code     0  startup_stm32f411xe.o(.text)
    EXTI0_IRQHandler                         0x080001c7   Thumb Code     0  startup_stm32f411xe.o(.text)
    EXTI1_IRQHandler                         0x080001c7   Thumb Code     0  startup_stm32f411xe.o(.text)
    EXTI2_IRQHandler                         0x080001c7   Thumb Code     0  startup_stm32f411xe.o(.text)
    EXTI3_IRQHandler                         0x080001c7   Thumb Code     0  startup_stm32f411xe.o(.text)
    EXTI4_IRQHandler                         0x080001c7   Thumb Code     0  startup_stm32f411xe.o(.text)
    EXTI9_5_IRQHandler                       0x080001c7   Thumb Code     0  startup_stm32f411xe.o(.text)
    FLASH_IRQHandler                         0x080001c7   Thumb Code     0  startup_stm32f411xe.o(.text)
    FPU_IRQHandler                           0x080001c7   Thumb Code     0  startup_stm32f411xe.o(.text)
    I2C1_ER_IRQHandler                       0x080001c7   Thumb Code     0  startup_stm32f411xe.o(.text)
    I2C1_EV_IRQHandler                       0x080001c7   Thumb Code     0  startup_stm32f411xe.o(.text)
    I2C2_ER_IRQHandler                       0x080001c7   Thumb Code     0  startup_stm32f411xe.o(.text)
    I2C2_EV_IRQHandler                       0x080001c7   Thumb Code     0  startup_stm32f411xe.o(.text)
    I2C3_ER_IRQHandler                       0x080001c7   Thumb Code     0  startup_stm32f411xe.o(.text)
    I2C3_EV_IRQHandler                       0x080001c7   Thumb Code     0  startup_stm32f411xe.o(.text)
    OTG_FS_IRQHandler                        0x080001c7   Thumb Code     0  startup_stm32f411xe.o(.text)
    OTG_FS_WKUP_IRQHandler                   0x080001c7   Thumb Code     0  startup_stm32f411xe.o(.text)
    PVD_IRQHandler                           0x080001c7   Thumb Code     0  startup_stm32f411xe.o(.text)
    RCC_IRQHandler                           0x080001c7   Thumb Code     0  startup_stm32f411xe.o(.text)
    RTC_WKUP_IRQHandler                      0x080001c7   Thumb Code     0  startup_stm32f411xe.o(.text)
    SDIO_IRQHandler                          0x080001c7   Thumb Code     0  startup_stm32f411xe.o(.text)
    SPI1_IRQHandler                          0x080001c7   Thumb Code     0  startup_stm32f411xe.o(.text)
    SPI2_IRQHandler                          0x080001c7   Thumb Code     0  startup_stm32f411xe.o(.text)
    SPI3_IRQHandler                          0x080001c7   Thumb Code     0  startup_stm32f411xe.o(.text)
    SPI4_IRQHandler                          0x080001c7   Thumb Code     0  startup_stm32f411xe.o(.text)
    SPI5_IRQHandler                          0x080001c7   Thumb Code     0  startup_stm32f411xe.o(.text)
    TAMP_STAMP_IRQHandler                    0x080001c7   Thumb Code     0  startup_stm32f411xe.o(.text)
    TIM1_BRK_TIM9_IRQHandler                 0x080001c7   Thumb Code     0  startup_stm32f411xe.o(.text)
    TIM1_CC_IRQHandler                       0x080001c7   Thumb Code     0  startup_stm32f411xe.o(.text)
    TIM1_TRG_COM_TIM11_IRQHandler            0x080001c7   Thumb Code     0  startup_stm32f411xe.o(.text)
    TIM2_IRQHandler                          0x080001c7   Thumb Code     0  startup_stm32f411xe.o(.text)
    TIM3_IRQHandler                          0x080001c7   Thumb Code     0  startup_stm32f411xe.o(.text)
    TIM4_IRQHandler                          0x080001c7   Thumb Code     0  startup_stm32f411xe.o(.text)
    TIM5_IRQHandler                          0x080001c7   Thumb Code     0  startup_stm32f411xe.o(.text)
    USART2_IRQHandler                        0x080001c7   Thumb Code     0  startup_stm32f411xe.o(.text)
    USART6_IRQHandler                        0x080001c7   Thumb Code     0  startup_stm32f411xe.o(.text)
    WWDG_IRQHandler                          0x080001c7   Thumb Code     0  startup_stm32f411xe.o(.text)
    __aeabi_uldivmod                         0x080001d1   Thumb Code    98  uldiv.o(.text)
    __aeabi_memset                           0x08000233   Thumb Code    14  memseta.o(.text)
    __aeabi_memset4                          0x08000233   Thumb Code     0  memseta.o(.text)
    __aeabi_memset8                          0x08000233   Thumb Code     0  memseta.o(.text)
    __aeabi_memclr                           0x08000241   Thumb Code     4  memseta.o(.text)
    __aeabi_memclr4                          0x08000241   Thumb Code     0  memseta.o(.text)
    __aeabi_memclr8                          0x08000241   Thumb Code     0  memseta.o(.text)
    _memset$wrapper                          0x08000245   Thumb Code    18  memseta.o(.text)
    __aeabi_dadd                             0x08000257   Thumb Code   322  dadd.o(.text)
    __aeabi_dsub                             0x08000399   Thumb Code     6  dadd.o(.text)
    __aeabi_drsub                            0x0800039f   Thumb Code     6  dadd.o(.text)
    __aeabi_dmul                             0x080003a5   Thumb Code   228  dmul.o(.text)
    __aeabi_ddiv                             0x08000489   Thumb Code   222  ddiv.o(.text)
    __aeabi_ui2d                             0x08000567   Thumb Code    26  dfltui.o(.text)
    __aeabi_d2iz                             0x08000581   Thumb Code    62  dfixi.o(.text)
    __aeabi_d2uiz                            0x080005bf   Thumb Code    50  dfixui.o(.text)
    __aeabi_f2d                              0x080005f1   Thumb Code    38  f2d.o(.text)
    __aeabi_d2f                              0x08000617   Thumb Code    56  d2f.o(.text)
    __aeabi_llsl                             0x0800064f   Thumb Code    30  llshl.o(.text)
    _ll_shift_l                              0x0800064f   Thumb Code     0  llshl.o(.text)
    __aeabi_llsr                             0x0800066d   Thumb Code    32  llushr.o(.text)
    _ll_ushift_r                             0x0800066d   Thumb Code     0  llushr.o(.text)
    __aeabi_lasr                             0x0800068d   Thumb Code    36  llsshr.o(.text)
    _ll_sshift_r                             0x0800068d   Thumb Code     0  llsshr.o(.text)
    __I$use$fp                               0x080006b1   Thumb Code     0  iusefp.o(.text)
    _float_round                             0x080006b1   Thumb Code    18  fepilogue.o(.text)
    _float_epilogue                          0x080006c3   Thumb Code    92  fepilogue.o(.text)
    _double_round                            0x0800071f   Thumb Code    30  depilogue.o(.text)
    _double_epilogue                         0x0800073d   Thumb Code   156  depilogue.o(.text)
    __aeabi_i2d                              0x080007d9   Thumb Code    34  dflti.o(.text)
    __aeabi_cdcmpeq                          0x080007fd   Thumb Code     0  cdcmple.o(.text)
    __aeabi_cdcmple                          0x080007fd   Thumb Code    48  cdcmple.o(.text)
    __scatterload                            0x0800082d   Thumb Code    28  init.o(.text)
    __scatterload_rt2                        0x0800082d   Thumb Code     0  init.o(.text)
    __decompress                             0x08000851   Thumb Code     0  __dczerorl2.o(.text)
    __decompress1                            0x08000851   Thumb Code    86  __dczerorl2.o(.text)
    BusFault_Handler                         0x080009d1   Thumb Code     2  stm32f4xx_it.o(i.BusFault_Handler)
    Capacitance_Check                        0x080009d5   Thumb Code   720  main.o(i.Capacitance_Check)
    DebugMon_Handler                         0x08000ce5   Thumb Code     2  stm32f4xx_it.o(i.DebugMon_Handler)
    Diode_Check_1                            0x08000ce9   Thumb Code   132  main.o(i.Diode_Check_1)
    Diode_Check_2                            0x08000d81   Thumb Code   142  main.o(i.Diode_Check_2)
    EXTI15_10_IRQHandler                     0x08000e25   Thumb Code     8  stm32f4xx_it.o(i.EXTI15_10_IRQHandler)
    Element_Type                             0x08000e2d   Thumb Code   202  main.o(i.Element_Type)
    Error_Handler                            0x08000efd   Thumb Code     4  main.o(i.Error_Handler)
    GPIO_SwitchMode                          0x08000f01   Thumb Code   118  gpio.o(i.GPIO_SwitchMode)
    GetVol                                   0x08000f79   Thumb Code   158  main.o(i.GetVol)
    GetVol1                                  0x0800102d   Thumb Code   114  main.o(i.GetVol1)
    GetVol2                                  0x080010b5   Thumb Code    94  main.o(i.GetVol2)
    HAL_ADC_ConfigChannel                    0x08001121   Thumb Code   334  stm32f4xx_hal_adc.o(i.HAL_ADC_ConfigChannel)
    HAL_ADC_GetValue                         0x08001285   Thumb Code     6  stm32f4xx_hal_adc.o(i.HAL_ADC_GetValue)
    HAL_ADC_Init                             0x0800128b   Thumb Code    84  stm32f4xx_hal_adc.o(i.HAL_ADC_Init)
    HAL_ADC_MspInit                          0x080012e1   Thumb Code    84  adc.o(i.HAL_ADC_MspInit)
    HAL_ADC_PollForConversion                0x08001341   Thumb Code   170  stm32f4xx_hal_adc.o(i.HAL_ADC_PollForConversion)
    HAL_ADC_Start                            0x080013ed   Thumb Code   188  stm32f4xx_hal_adc.o(i.HAL_ADC_Start)
    HAL_ADC_Stop                             0x080014b9   Thumb Code    60  stm32f4xx_hal_adc.o(i.HAL_ADC_Stop)
    HAL_DMA_Abort                            0x080014f5   Thumb Code   146  stm32f4xx_hal_dma.o(i.HAL_DMA_Abort)
    HAL_DMA_Abort_IT                         0x08001587   Thumb Code    36  stm32f4xx_hal_dma.o(i.HAL_DMA_Abort_IT)
    HAL_Delay                                0x080015ad   Thumb Code    32  stm32f4xx_hal.o(i.HAL_Delay)
    HAL_GPIO_EXTI_Callback                   0x080015d1   Thumb Code   102  main.o(i.HAL_GPIO_EXTI_Callback)
    HAL_GPIO_EXTI_IRQHandler                 0x08001641   Thumb Code    18  stm32f4xx_hal_gpio.o(i.HAL_GPIO_EXTI_IRQHandler)
    HAL_GPIO_Init                            0x08001659   Thumb Code   446  stm32f4xx_hal_gpio.o(i.HAL_GPIO_Init)
    HAL_GPIO_ReadPin                         0x08001839   Thumb Code    10  stm32f4xx_hal_gpio.o(i.HAL_GPIO_ReadPin)
    HAL_GPIO_WritePin                        0x08001843   Thumb Code    10  stm32f4xx_hal_gpio.o(i.HAL_GPIO_WritePin)
    HAL_GetTick                              0x0800184d   Thumb Code     6  stm32f4xx_hal.o(i.HAL_GetTick)
    HAL_IncTick                              0x08001859   Thumb Code    12  stm32f4xx_hal.o(i.HAL_IncTick)
    HAL_Init                                 0x08001869   Thumb Code    48  stm32f4xx_hal.o(i.HAL_Init)
    HAL_InitTick                             0x0800189d   Thumb Code    54  stm32f4xx_hal.o(i.HAL_InitTick)
    HAL_MspInit                              0x080018dd   Thumb Code    42  stm32f4xx_hal_msp.o(i.HAL_MspInit)
    HAL_NVIC_EnableIRQ                       0x0800190d   Thumb Code    26  stm32f4xx_hal_cortex.o(i.HAL_NVIC_EnableIRQ)
    HAL_NVIC_SetPriority                     0x08001929   Thumb Code    60  stm32f4xx_hal_cortex.o(i.HAL_NVIC_SetPriority)
    HAL_NVIC_SetPriorityGrouping             0x08001969   Thumb Code    26  stm32f4xx_hal_cortex.o(i.HAL_NVIC_SetPriorityGrouping)
    HAL_RCCEx_PeriphCLKConfig                0x0800198d   Thumb Code   314  stm32f4xx_hal_rcc_ex.o(i.HAL_RCCEx_PeriphCLKConfig)
    HAL_RCC_ClockConfig                      0x08001ae1   Thumb Code   288  stm32f4xx_hal_rcc.o(i.HAL_RCC_ClockConfig)
    HAL_RCC_GetPCLK1Freq                     0x08001c15   Thumb Code    20  stm32f4xx_hal_rcc.o(i.HAL_RCC_GetPCLK1Freq)
    HAL_RCC_GetPCLK2Freq                     0x08001c35   Thumb Code    20  stm32f4xx_hal_rcc.o(i.HAL_RCC_GetPCLK2Freq)
    HAL_RCC_GetSysClockFreq                  0x08001c55   Thumb Code    88  stm32f4xx_hal_rcc.o(i.HAL_RCC_GetSysClockFreq)
    HAL_RCC_OscConfig                        0x08001cb9   Thumb Code   856  stm32f4xx_hal_rcc.o(i.HAL_RCC_OscConfig)
    HAL_RTCEx_AlarmBEventCallback            0x08002025   Thumb Code     2  stm32f4xx_hal_rtc_ex.o(i.HAL_RTCEx_AlarmBEventCallback)
    HAL_RTC_AlarmAEventCallback              0x08002027   Thumb Code     2  stm32f4xx_hal_rtc.o(i.HAL_RTC_AlarmAEventCallback)
    HAL_RTC_AlarmIRQHandler                  0x08002029   Thumb Code    86  stm32f4xx_hal_rtc.o(i.HAL_RTC_AlarmIRQHandler)
    HAL_RTC_Init                             0x08002085   Thumb Code   136  stm32f4xx_hal_rtc.o(i.HAL_RTC_Init)
    HAL_RTC_MspInit                          0x08002111   Thumb Code    68  rtc.o(i.HAL_RTC_MspInit)
    HAL_RTC_SetAlarm_IT                      0x0800215d   Thumb Code   406  stm32f4xx_hal_rtc.o(i.HAL_RTC_SetAlarm_IT)
    HAL_RTC_SetDate                          0x080022fd   Thumb Code   146  stm32f4xx_hal_rtc.o(i.HAL_RTC_SetDate)
    HAL_RTC_SetTime                          0x08002395   Thumb Code   186  stm32f4xx_hal_rtc.o(i.HAL_RTC_SetTime)
    HAL_RTC_WaitForSynchro                   0x08002455   Thumb Code    54  stm32f4xx_hal_rtc.o(i.HAL_RTC_WaitForSynchro)
    HAL_SPI_Init                             0x0800248b   Thumb Code   188  stm32f4xx_hal_spi.o(i.HAL_SPI_Init)
    HAL_SPI_MspInit                          0x08002549   Thumb Code    92  spi.o(i.HAL_SPI_MspInit)
    HAL_SPI_Transmit                         0x080025b1   Thumb Code   358  stm32f4xx_hal_spi.o(i.HAL_SPI_Transmit)
    HAL_SYSTICK_Config                       0x08002717   Thumb Code    40  stm32f4xx_hal_cortex.o(i.HAL_SYSTICK_Config)
    HAL_TIMEx_BreakCallback                  0x0800273f   Thumb Code     2  stm32f4xx_hal_tim_ex.o(i.HAL_TIMEx_BreakCallback)
    HAL_TIMEx_CommutCallback                 0x08002741   Thumb Code     2  stm32f4xx_hal_tim_ex.o(i.HAL_TIMEx_CommutCallback)
    HAL_TIMEx_MasterConfigSynchronization    0x08002745   Thumb Code   104  stm32f4xx_hal_tim_ex.o(i.HAL_TIMEx_MasterConfigSynchronization)
    HAL_TIM_Base_Init                        0x080027c1   Thumb Code    90  stm32f4xx_hal_tim.o(i.HAL_TIM_Base_Init)
    HAL_TIM_Base_MspInit                     0x0800281d   Thumb Code    50  tim.o(i.HAL_TIM_Base_MspInit)
    HAL_TIM_Base_Start_IT                    0x08002859   Thumb Code    88  stm32f4xx_hal_tim.o(i.HAL_TIM_Base_Start_IT)
    HAL_TIM_ConfigClockSource                0x080028c5   Thumb Code   220  stm32f4xx_hal_tim.o(i.HAL_TIM_ConfigClockSource)
    HAL_TIM_IC_CaptureCallback               0x080029a1   Thumb Code     2  stm32f4xx_hal_tim.o(i.HAL_TIM_IC_CaptureCallback)
    HAL_TIM_IRQHandler                       0x080029a3   Thumb Code   358  stm32f4xx_hal_tim.o(i.HAL_TIM_IRQHandler)
    HAL_TIM_OC_DelayElapsedCallback          0x08002b09   Thumb Code     2  stm32f4xx_hal_tim.o(i.HAL_TIM_OC_DelayElapsedCallback)
    HAL_TIM_PWM_PulseFinishedCallback        0x08002b0b   Thumb Code     2  stm32f4xx_hal_tim.o(i.HAL_TIM_PWM_PulseFinishedCallback)
    HAL_TIM_PeriodElapsedCallback            0x08002b0d   Thumb Code    18  main.o(i.HAL_TIM_PeriodElapsedCallback)
    HAL_TIM_TriggerCallback                  0x08002b29   Thumb Code     2  stm32f4xx_hal_tim.o(i.HAL_TIM_TriggerCallback)
    HAL_UARTEx_RxEventCallback               0x08002b2b   Thumb Code     2  stm32f4xx_hal_uart.o(i.HAL_UARTEx_RxEventCallback)
    HAL_UART_ErrorCallback                   0x08002b2d   Thumb Code     2  stm32f4xx_hal_uart.o(i.HAL_UART_ErrorCallback)
    HAL_UART_IRQHandler                      0x08002b31   Thumb Code   610  stm32f4xx_hal_uart.o(i.HAL_UART_IRQHandler)
    HAL_UART_Init                            0x08002d99   Thumb Code    98  stm32f4xx_hal_uart.o(i.HAL_UART_Init)
    HAL_UART_MspInit                         0x08002dfd   Thumb Code   110  usart.o(i.HAL_UART_MspInit)
    HAL_UART_RxCpltCallback                  0x08002e79   Thumb Code     2  stm32f4xx_hal_uart.o(i.HAL_UART_RxCpltCallback)
    HAL_UART_TxCpltCallback                  0x08002e7b   Thumb Code     2  stm32f4xx_hal_uart.o(i.HAL_UART_TxCpltCallback)
    HardFault_Handler                        0x08002e7d   Thumb Code     2  stm32f4xx_it.o(i.HardFault_Handler)
    Inductance_Check                         0x08002e81   Thumb Code   170  main.o(i.Inductance_Check)
    MX_ADC1_Init                             0x08002f49   Thumb Code   108  adc.o(i.MX_ADC1_Init)
    MX_GPIO_Init                             0x08002fc1   Thumb Code   276  gpio.o(i.MX_GPIO_Init)
    MX_RTC_Init                              0x080030e5   Thumb Code   178  rtc.o(i.MX_RTC_Init)
    MX_SPI1_Init                             0x080031a1   Thumb Code    62  spi.o(i.MX_SPI1_Init)
    MX_TIM1_Init                             0x080031e9   Thumb Code    94  tim.o(i.MX_TIM1_Init)
    MX_USART1_UART_Init                      0x08003251   Thumb Code    48  usart.o(i.MX_USART1_UART_Init)
    Measure_F1T2_1M_C                        0x08003289   Thumb Code    72  main.o(i.Measure_F1T2_1M_C)
    Measure_F1T2_470k_C                      0x080032d5   Thumb Code    72  main.o(i.Measure_F1T2_470k_C)
    Measure_F1T2_470k_R                      0x08003321   Thumb Code    72  main.o(i.Measure_F1T2_470k_R)
    Measure_F1T2_680_C                       0x0800336d   Thumb Code    72  main.o(i.Measure_F1T2_680_C)
    Measure_F1T2_680_L                       0x080033b9   Thumb Code    72  main.o(i.Measure_F1T2_680_L)
    Measure_F1T2_680_R                       0x08003405   Thumb Code    72  main.o(i.Measure_F1T2_680_R)
    MemManage_Handler                        0x08003451   Thumb Code     2  stm32f4xx_it.o(i.MemManage_Handler)
    Mode_Init                                0x08003455   Thumb Code   100  main.o(i.Mode_Init)
    NMI_Handler                              0x080034c1   Thumb Code     2  stm32f4xx_it.o(i.NMI_Handler)
    OLED_Clear                               0x080034c3   Thumb Code    60  oled.o(i.OLED_Clear)
    OLED_DrawBMP                             0x080034ff   Thumb Code    64  oled.o(i.OLED_DrawBMP)
    OLED_Init                                0x08003541   Thumb Code   270  oled.o(i.OLED_Init)
    OLED_Set_Pos                             0x08003655   Thumb Code    44  oled.o(i.OLED_Set_Pos)
    OLED_ShowCHinese                         0x08003681   Thumb Code    74  oled.o(i.OLED_ShowCHinese)
    OLED_ShowChar                            0x080036d1   Thumb Code    94  oled.o(i.OLED_ShowChar)
    OLED_ShowNum                             0x08003735   Thumb Code    98  oled.o(i.OLED_ShowNum)
    OLED_ShowString                          0x08003797   Thumb Code    50  oled.o(i.OLED_ShowString)
    OLED_Showdecimal                         0x080037c9   Thumb Code   246  oled.o(i.OLED_Showdecimal)
    OLED_WR_Byte                             0x080038c1   Thumb Code    68  oled.o(i.OLED_WR_Byte)
    PendSV_Handler                           0x08003911   Thumb Code     2  stm32f4xx_it.o(i.PendSV_Handler)
    RTC_Alarm_IRQHandler                     0x08003915   Thumb Code     6  stm32f4xx_it.o(i.RTC_Alarm_IRQHandler)
    RTC_ByteToBcd2                           0x08003921   Thumb Code    24  stm32f4xx_hal_rtc.o(i.RTC_ByteToBcd2)
    RTC_EnterInitMode                        0x08003939   Thumb Code    72  stm32f4xx_hal_rtc.o(i.RTC_EnterInitMode)
    RTC_ExitInitMode                         0x08003981   Thumb Code    42  stm32f4xx_hal_rtc.o(i.RTC_ExitInitMode)
    Resistance_Check                         0x080039ad   Thumb Code   232  main.o(i.Resistance_Check)
    SVC_Handler                              0x08003bc5   Thumb Code     2  stm32f4xx_it.o(i.SVC_Handler)
    SysTick_Handler                          0x08003bc7   Thumb Code     4  stm32f4xx_it.o(i.SysTick_Handler)
    SystemClock_Config                       0x08003bcd   Thumb Code   142  main.o(i.SystemClock_Config)
    SystemInit                               0x08003c65   Thumb Code    12  system_stm32f4xx.o(i.SystemInit)
    TIM1_UP_TIM10_IRQHandler                 0x08003c75   Thumb Code     6  stm32f4xx_it.o(i.TIM1_UP_TIM10_IRQHandler)
    TIM_Base_SetConfig                       0x08003c81   Thumb Code   122  stm32f4xx_hal_tim.o(i.TIM_Base_SetConfig)
    TIM_ETR_SetConfig                        0x08003d19   Thumb Code    20  stm32f4xx_hal_tim.o(i.TIM_ETR_SetConfig)
    USART1_IRQHandler                        0x08003fad   Thumb Code     6  stm32f4xx_it.o(i.USART1_IRQHandler)
    UsageFault_Handler                       0x08003fb9   Thumb Code     2  stm32f4xx_it.o(i.UsageFault_Handler)
    __hardfp_log                             0x08003fe1   Thumb Code   872  log.o(i.__hardfp_log)
    __kernel_poly                            0x080043a5   Thumb Code   248  poly.o(i.__kernel_poly)
    __mathlib_dbl_divzero                    0x080044a1   Thumb Code    28  dunder.o(i.__mathlib_dbl_divzero)
    __mathlib_dbl_infnan                     0x080044d1   Thumb Code    20  dunder.o(i.__mathlib_dbl_infnan)
    __mathlib_dbl_invalid                    0x080044e9   Thumb Code    24  dunder.o(i.__mathlib_dbl_invalid)
    __scatterload_copy                       0x08004509   Thumb Code    14  handlers.o(i.__scatterload_copy)
    __scatterload_null                       0x08004517   Thumb Code     2  handlers.o(i.__scatterload_null)
    __scatterload_zeroinit                   0x08004519   Thumb Code    14  handlers.o(i.__scatterload_zeroinit)
    __set_errno                              0x08004529   Thumb Code     6  errno.o(i.__set_errno)
    main                                     0x08004535   Thumb Code   118  main.o(i.main)
    oled_pow                                 0x080045b1   Thumb Code    16  oled.o(i.oled_pow)
    F8X16                                    0x080045c0   Data        1520  oled.o(.constdata)
    Hzk                                      0x08004bb0   Data        1472  oled.o(.constdata)
    AHBPrescTable                            0x08005170   Data          16  system_stm32f4xx.o(.constdata)
    APBPrescTable                            0x08005180   Data           8  system_stm32f4xx.o(.constdata)
    __mathlib_zero                           0x080051c0   Data           8  qnan.o(.constdata)
    Region$$Table$$Base                      0x080051c8   Number         0  anon$$obj.o(Region$$Table)
    Region$$Table$$Limit                     0x080051e8   Number         0  anon$$obj.o(Region$$Table)
    count_0_1ms                              0x20000000   Data           4  main.o(.data)
    BMP1                                     0x20000004   Data          96  main.o(.data)
    BMP2                                     0x20000064   Data          96  main.o(.data)
    BMP3                                     0x200000c4   Data          96  main.o(.data)
    BMP4                                     0x20000124   Data          96  main.o(.data)
    uwTickFreq                               0x20000184   Data           1  stm32f4xx_hal.o(.data)
    uwTickPrio                               0x20000188   Data           4  stm32f4xx_hal.o(.data)
    uwTick                                   0x2000018c   Data           4  stm32f4xx_hal.o(.data)
    SystemCoreClock                          0x20000190   Data           4  system_stm32f4xx.o(.data)
    hadc1                                    0x20000198   Data          72  adc.o(.bss)
    hrtc                                     0x200001e0   Data          32  rtc.o(.bss)
    hspi1                                    0x20000200   Data          88  spi.o(.bss)
    htim1                                    0x20000258   Data          72  tim.o(.bss)
    huart1                                   0x200002a0   Data          68  usart.o(.bss)
    __initial_sp                             0x200006e8   Data           0  startup_stm32f411xe.o(STACK)



==============================================================================

Memory Map of the image

  Image Entry point : 0x08000199

  Load Region LR_IROM1 (Base: 0x08000000, Size: 0x00005380, Max: 0x00080000, ABSOLUTE, COMPRESSED[0x00005238])

    Execution Region ER_IROM1 (Exec base: 0x08000000, Load base: 0x08000000, Size: 0x000051e8, Max: 0x00080000, ABSOLUTE)

    Exec Addr    Load Addr    Size         Type   Attr      Idx    E Section Name        Object

    0x08000000   0x08000000   0x00000198   Data   RO            3    RESET               startup_stm32f411xe.o
    0x08000198   0x08000198   0x00000000   Code   RO         4389  * .ARM.Collect$$$$00000000  mc_w.l(entry.o)
    0x08000198   0x08000198   0x00000004   Code   RO         4429    .ARM.Collect$$$$00000001  mc_w.l(entry2.o)
    0x0800019c   0x0800019c   0x00000004   Code   RO         4432    .ARM.Collect$$$$00000004  mc_w.l(entry5.o)
    0x080001a0   0x080001a0   0x00000000   Code   RO         4434    .ARM.Collect$$$$00000008  mc_w.l(entry7b.o)
    0x080001a0   0x080001a0   0x00000000   Code   RO         4436    .ARM.Collect$$$$0000000A  mc_w.l(entry8b.o)
    0x080001a0   0x080001a0   0x00000008   Code   RO         4437    .ARM.Collect$$$$0000000B  mc_w.l(entry9a.o)
    0x080001a8   0x080001a8   0x00000000   Code   RO         4439    .ARM.Collect$$$$0000000D  mc_w.l(entry10a.o)
    0x080001a8   0x080001a8   0x00000000   Code   RO         4441    .ARM.Collect$$$$0000000F  mc_w.l(entry11a.o)
    0x080001a8   0x080001a8   0x00000004   Code   RO         4430    .ARM.Collect$$$$00002712  mc_w.l(entry2.o)
    0x080001ac   0x080001ac   0x00000024   Code   RO            4    .text               startup_stm32f411xe.o
    0x080001d0   0x080001d0   0x00000062   Code   RO         4392    .text               mc_w.l(uldiv.o)
    0x08000232   0x08000232   0x00000024   Code   RO         4394    .text               mc_w.l(memseta.o)
    0x08000256   0x08000256   0x0000014e   Code   RO         4396    .text               mf_w.l(dadd.o)
    0x080003a4   0x080003a4   0x000000e4   Code   RO         4398    .text               mf_w.l(dmul.o)
    0x08000488   0x08000488   0x000000de   Code   RO         4400    .text               mf_w.l(ddiv.o)
    0x08000566   0x08000566   0x0000001a   Code   RO         4402    .text               mf_w.l(dfltui.o)
    0x08000580   0x08000580   0x0000003e   Code   RO         4404    .text               mf_w.l(dfixi.o)
    0x080005be   0x080005be   0x00000032   Code   RO         4406    .text               mf_w.l(dfixui.o)
    0x080005f0   0x080005f0   0x00000026   Code   RO         4408    .text               mf_w.l(f2d.o)
    0x08000616   0x08000616   0x00000038   Code   RO         4410    .text               mf_w.l(d2f.o)
    0x0800064e   0x0800064e   0x0000001e   Code   RO         4443    .text               mc_w.l(llshl.o)
    0x0800066c   0x0800066c   0x00000020   Code   RO         4445    .text               mc_w.l(llushr.o)
    0x0800068c   0x0800068c   0x00000024   Code   RO         4447    .text               mc_w.l(llsshr.o)
    0x080006b0   0x080006b0   0x00000000   Code   RO         4456    .text               mc_w.l(iusefp.o)
    0x080006b0   0x080006b0   0x0000006e   Code   RO         4457    .text               mf_w.l(fepilogue.o)
    0x0800071e   0x0800071e   0x000000ba   Code   RO         4459    .text               mf_w.l(depilogue.o)
    0x080007d8   0x080007d8   0x00000022   Code   RO         4463    .text               mf_w.l(dflti.o)
    0x080007fa   0x080007fa   0x00000002   PAD
    0x080007fc   0x080007fc   0x00000030   Code   RO         4465    .text               mf_w.l(cdcmple.o)
    0x0800082c   0x0800082c   0x00000024   Code   RO         4467    .text               mc_w.l(init.o)
    0x08000850   0x08000850   0x00000056   Code   RO         4477    .text               mc_w.l(__dczerorl2.o)
    0x080008a6   0x080008a6   0x00000002   PAD
    0x080008a8   0x080008a8   0x00000128   Code   RO          814    i.ADC_Init          stm32f4xx_hal_adc.o
    0x080009d0   0x080009d0   0x00000002   Code   RO          687    i.BusFault_Handler  stm32f4xx_it.o
    0x080009d2   0x080009d2   0x00000002   PAD
    0x080009d4   0x080009d4   0x00000310   Code   RO          238    i.Capacitance_Check  main.o
    0x08000ce4   0x08000ce4   0x00000002   Code   RO          688    i.DebugMon_Handler  stm32f4xx_it.o
    0x08000ce6   0x08000ce6   0x00000002   PAD
    0x08000ce8   0x08000ce8   0x00000098   Code   RO          239    i.Diode_Check_1     main.o
    0x08000d80   0x08000d80   0x000000a4   Code   RO          240    i.Diode_Check_2     main.o
    0x08000e24   0x08000e24   0x00000008   Code   RO          689    i.EXTI15_10_IRQHandler  stm32f4xx_it.o
    0x08000e2c   0x08000e2c   0x000000d0   Code   RO          241    i.Element_Type      main.o
    0x08000efc   0x08000efc   0x00000004   Code   RO          242    i.Error_Handler     main.o
    0x08000f00   0x08000f00   0x00000076   Code   RO          447    i.GPIO_SwitchMode   gpio.o
    0x08000f76   0x08000f76   0x00000002   PAD
    0x08000f78   0x08000f78   0x000000b4   Code   RO          244    i.GetVol            main.o
    0x0800102c   0x0800102c   0x00000088   Code   RO          245    i.GetVol1           main.o
    0x080010b4   0x080010b4   0x0000006c   Code   RO          246    i.GetVol2           main.o
    0x08001120   0x08001120   0x00000164   Code   RO          816    i.HAL_ADC_ConfigChannel  stm32f4xx_hal_adc.o
    0x08001284   0x08001284   0x00000006   Code   RO          823    i.HAL_ADC_GetValue  stm32f4xx_hal_adc.o
    0x0800128a   0x0800128a   0x00000054   Code   RO          825    i.HAL_ADC_Init      stm32f4xx_hal_adc.o
    0x080012de   0x080012de   0x00000002   PAD
    0x080012e0   0x080012e0   0x00000060   Code   RO          478    i.HAL_ADC_MspInit   adc.o
    0x08001340   0x08001340   0x000000aa   Code   RO          829    i.HAL_ADC_PollForConversion  stm32f4xx_hal_adc.o
    0x080013ea   0x080013ea   0x00000002   PAD
    0x080013ec   0x080013ec   0x000000cc   Code   RO          831    i.HAL_ADC_Start     stm32f4xx_hal_adc.o
    0x080014b8   0x080014b8   0x0000003c   Code   RO          834    i.HAL_ADC_Stop      stm32f4xx_hal_adc.o
    0x080014f4   0x080014f4   0x00000092   Code   RO         1605    i.HAL_DMA_Abort     stm32f4xx_hal_dma.o
    0x08001586   0x08001586   0x00000024   Code   RO         1606    i.HAL_DMA_Abort_IT  stm32f4xx_hal_dma.o
    0x080015aa   0x080015aa   0x00000002   PAD
    0x080015ac   0x080015ac   0x00000024   Code   RO         2048    i.HAL_Delay         stm32f4xx_hal.o
    0x080015d0   0x080015d0   0x00000070   Code   RO          247    i.HAL_GPIO_EXTI_Callback  main.o
    0x08001640   0x08001640   0x00000018   Code   RO         1497    i.HAL_GPIO_EXTI_IRQHandler  stm32f4xx_hal_gpio.o
    0x08001658   0x08001658   0x000001e0   Code   RO         1498    i.HAL_GPIO_Init     stm32f4xx_hal_gpio.o
    0x08001838   0x08001838   0x0000000a   Code   RO         1500    i.HAL_GPIO_ReadPin  stm32f4xx_hal_gpio.o
    0x08001842   0x08001842   0x0000000a   Code   RO         1502    i.HAL_GPIO_WritePin  stm32f4xx_hal_gpio.o
    0x0800184c   0x0800184c   0x0000000c   Code   RO         2054    i.HAL_GetTick       stm32f4xx_hal.o
    0x08001858   0x08001858   0x00000010   Code   RO         2060    i.HAL_IncTick       stm32f4xx_hal.o
    0x08001868   0x08001868   0x00000034   Code   RO         2061    i.HAL_Init          stm32f4xx_hal.o
    0x0800189c   0x0800189c   0x00000040   Code   RO         2062    i.HAL_InitTick      stm32f4xx_hal.o
    0x080018dc   0x080018dc   0x00000030   Code   RO          787    i.HAL_MspInit       stm32f4xx_hal_msp.o
    0x0800190c   0x0800190c   0x0000001a   Code   RO         1911    i.HAL_NVIC_EnableIRQ  stm32f4xx_hal_cortex.o
    0x08001926   0x08001926   0x00000002   PAD
    0x08001928   0x08001928   0x00000040   Code   RO         1917    i.HAL_NVIC_SetPriority  stm32f4xx_hal_cortex.o
    0x08001968   0x08001968   0x00000024   Code   RO         1918    i.HAL_NVIC_SetPriorityGrouping  stm32f4xx_hal_cortex.o
    0x0800198c   0x0800198c   0x00000154   Code   RO         1195    i.HAL_RCCEx_PeriphCLKConfig  stm32f4xx_hal_rcc_ex.o
    0x08001ae0   0x08001ae0   0x00000134   Code   RO         1090    i.HAL_RCC_ClockConfig  stm32f4xx_hal_rcc.o
    0x08001c14   0x08001c14   0x00000020   Code   RO         1097    i.HAL_RCC_GetPCLK1Freq  stm32f4xx_hal_rcc.o
    0x08001c34   0x08001c34   0x00000020   Code   RO         1098    i.HAL_RCC_GetPCLK2Freq  stm32f4xx_hal_rcc.o
    0x08001c54   0x08001c54   0x00000064   Code   RO         1099    i.HAL_RCC_GetSysClockFreq  stm32f4xx_hal_rcc.o
    0x08001cb8   0x08001cb8   0x0000036c   Code   RO         1102    i.HAL_RCC_OscConfig  stm32f4xx_hal_rcc.o
    0x08002024   0x08002024   0x00000002   Code   RO         2472    i.HAL_RTCEx_AlarmBEventCallback  stm32f4xx_hal_rtc_ex.o
    0x08002026   0x08002026   0x00000002   Code   RO         2299    i.HAL_RTC_AlarmAEventCallback  stm32f4xx_hal_rtc.o
    0x08002028   0x08002028   0x0000005c   Code   RO         2300    i.HAL_RTC_AlarmIRQHandler  stm32f4xx_hal_rtc.o
    0x08002084   0x08002084   0x0000008c   Code   RO         2312    i.HAL_RTC_Init      stm32f4xx_hal_rtc.o
    0x08002110   0x08002110   0x0000004c   Code   RO          520    i.HAL_RTC_MspInit   rtc.o
    0x0800215c   0x0800215c   0x000001a0   Code   RO         2317    i.HAL_RTC_SetAlarm_IT  stm32f4xx_hal_rtc.o
    0x080022fc   0x080022fc   0x00000098   Code   RO         2318    i.HAL_RTC_SetDate   stm32f4xx_hal_rtc.o
    0x08002394   0x08002394   0x000000c0   Code   RO         2319    i.HAL_RTC_SetTime   stm32f4xx_hal_rtc.o
    0x08002454   0x08002454   0x00000036   Code   RO         2320    i.HAL_RTC_WaitForSynchro  stm32f4xx_hal_rtc.o
    0x0800248a   0x0800248a   0x000000bc   Code   RO         2699    i.HAL_SPI_Init      stm32f4xx_hal_spi.o
    0x08002546   0x08002546   0x00000002   PAD
    0x08002548   0x08002548   0x00000068   Code   RO          562    i.HAL_SPI_MspInit   spi.o
    0x080025b0   0x080025b0   0x00000166   Code   RO         2707    i.HAL_SPI_Transmit  stm32f4xx_hal_spi.o
    0x08002716   0x08002716   0x00000028   Code   RO         1922    i.HAL_SYSTICK_Config  stm32f4xx_hal_cortex.o
    0x0800273e   0x0800273e   0x00000002   Code   RO         3716    i.HAL_TIMEx_BreakCallback  stm32f4xx_hal_tim_ex.o
    0x08002740   0x08002740   0x00000002   Code   RO         3717    i.HAL_TIMEx_CommutCallback  stm32f4xx_hal_tim_ex.o
    0x08002742   0x08002742   0x00000002   PAD
    0x08002744   0x08002744   0x0000007c   Code   RO         3735    i.HAL_TIMEx_MasterConfigSynchronization  stm32f4xx_hal_tim_ex.o
    0x080027c0   0x080027c0   0x0000005a   Code   RO         3012    i.HAL_TIM_Base_Init  stm32f4xx_hal_tim.o
    0x0800281a   0x0800281a   0x00000002   PAD
    0x0800281c   0x0800281c   0x0000003c   Code   RO          604    i.HAL_TIM_Base_MspInit  tim.o
    0x08002858   0x08002858   0x0000006c   Code   RO         3017    i.HAL_TIM_Base_Start_IT  stm32f4xx_hal_tim.o
    0x080028c4   0x080028c4   0x000000dc   Code   RO         3021    i.HAL_TIM_ConfigClockSource  stm32f4xx_hal_tim.o
    0x080029a0   0x080029a0   0x00000002   Code   RO         3046    i.HAL_TIM_IC_CaptureCallback  stm32f4xx_hal_tim.o
    0x080029a2   0x080029a2   0x00000166   Code   RO         3060    i.HAL_TIM_IRQHandler  stm32f4xx_hal_tim.o
    0x08002b08   0x08002b08   0x00000002   Code   RO         3063    i.HAL_TIM_OC_DelayElapsedCallback  stm32f4xx_hal_tim.o
    0x08002b0a   0x08002b0a   0x00000002   Code   RO         3090    i.HAL_TIM_PWM_PulseFinishedCallback  stm32f4xx_hal_tim.o
    0x08002b0c   0x08002b0c   0x0000001c   Code   RO          248    i.HAL_TIM_PeriodElapsedCallback  main.o
    0x08002b28   0x08002b28   0x00000002   Code   RO         3103    i.HAL_TIM_TriggerCallback  stm32f4xx_hal_tim.o
    0x08002b2a   0x08002b2a   0x00000002   Code   RO         3994    i.HAL_UARTEx_RxEventCallback  stm32f4xx_hal_uart.o
    0x08002b2c   0x08002b2c   0x00000002   Code   RO         4008    i.HAL_UART_ErrorCallback  stm32f4xx_hal_uart.o
    0x08002b2e   0x08002b2e   0x00000002   PAD
    0x08002b30   0x08002b30   0x00000268   Code   RO         4011    i.HAL_UART_IRQHandler  stm32f4xx_hal_uart.o
    0x08002d98   0x08002d98   0x00000062   Code   RO         4012    i.HAL_UART_Init     stm32f4xx_hal_uart.o
    0x08002dfa   0x08002dfa   0x00000002   PAD
    0x08002dfc   0x08002dfc   0x0000007c   Code   RO          646    i.HAL_UART_MspInit  usart.o
    0x08002e78   0x08002e78   0x00000002   Code   RO         4018    i.HAL_UART_RxCpltCallback  stm32f4xx_hal_uart.o
    0x08002e7a   0x08002e7a   0x00000002   Code   RO         4023    i.HAL_UART_TxCpltCallback  stm32f4xx_hal_uart.o
    0x08002e7c   0x08002e7c   0x00000002   Code   RO          690    i.HardFault_Handler  stm32f4xx_it.o
    0x08002e7e   0x08002e7e   0x00000002   PAD
    0x08002e80   0x08002e80   0x000000c8   Code   RO          249    i.Inductance_Check  main.o
    0x08002f48   0x08002f48   0x00000078   Code   RO          479    i.MX_ADC1_Init      adc.o
    0x08002fc0   0x08002fc0   0x00000124   Code   RO          448    i.MX_GPIO_Init      gpio.o
    0x080030e4   0x080030e4   0x000000bc   Code   RO          521    i.MX_RTC_Init       rtc.o
    0x080031a0   0x080031a0   0x00000048   Code   RO          563    i.MX_SPI1_Init      spi.o
    0x080031e8   0x080031e8   0x00000068   Code   RO          605    i.MX_TIM1_Init      tim.o
    0x08003250   0x08003250   0x00000038   Code   RO          647    i.MX_USART1_UART_Init  usart.o
    0x08003288   0x08003288   0x0000004c   Code   RO          250    i.Measure_F1T2_1M_C  main.o
    0x080032d4   0x080032d4   0x0000004c   Code   RO          251    i.Measure_F1T2_470k_C  main.o
    0x08003320   0x08003320   0x0000004c   Code   RO          253    i.Measure_F1T2_470k_R  main.o
    0x0800336c   0x0800336c   0x0000004c   Code   RO          256    i.Measure_F1T2_680_C  main.o
    0x080033b8   0x080033b8   0x0000004c   Code   RO          257    i.Measure_F1T2_680_L  main.o
    0x08003404   0x08003404   0x0000004c   Code   RO          258    i.Measure_F1T2_680_R  main.o
    0x08003450   0x08003450   0x00000002   Code   RO          691    i.MemManage_Handler  stm32f4xx_it.o
    0x08003452   0x08003452   0x00000002   PAD
    0x08003454   0x08003454   0x0000006c   Code   RO          259    i.Mode_Init         main.o
    0x080034c0   0x080034c0   0x00000002   Code   RO          692    i.NMI_Handler       stm32f4xx_it.o
    0x080034c2   0x080034c2   0x0000003c   Code   RO           13    i.OLED_Clear        oled.o
    0x080034fe   0x080034fe   0x00000040   Code   RO           16    i.OLED_DrawBMP      oled.o
    0x0800353e   0x0800353e   0x00000002   PAD
    0x08003540   0x08003540   0x00000114   Code   RO           17    i.OLED_Init         oled.o
    0x08003654   0x08003654   0x0000002c   Code   RO           18    i.OLED_Set_Pos      oled.o
    0x08003680   0x08003680   0x00000050   Code   RO           19    i.OLED_ShowCHinese  oled.o
    0x080036d0   0x080036d0   0x00000064   Code   RO           20    i.OLED_ShowChar     oled.o
    0x08003734   0x08003734   0x00000062   Code   RO           21    i.OLED_ShowNum      oled.o
    0x08003796   0x08003796   0x00000032   Code   RO           22    i.OLED_ShowString   oled.o
    0x080037c8   0x080037c8   0x000000f6   Code   RO           23    i.OLED_Showdecimal  oled.o
    0x080038be   0x080038be   0x00000002   PAD
    0x080038c0   0x080038c0   0x00000050   Code   RO           24    i.OLED_WR_Byte      oled.o
    0x08003910   0x08003910   0x00000002   Code   RO          693    i.PendSV_Handler    stm32f4xx_it.o
    0x08003912   0x08003912   0x00000002   PAD
    0x08003914   0x08003914   0x0000000c   Code   RO          694    i.RTC_Alarm_IRQHandler  stm32f4xx_it.o
    0x08003920   0x08003920   0x00000018   Code   RO         2322    i.RTC_ByteToBcd2    stm32f4xx_hal_rtc.o
    0x08003938   0x08003938   0x00000048   Code   RO         2323    i.RTC_EnterInitMode  stm32f4xx_hal_rtc.o
    0x08003980   0x08003980   0x0000002a   Code   RO         2324    i.RTC_ExitInitMode  stm32f4xx_hal_rtc.o
    0x080039aa   0x080039aa   0x00000002   PAD
    0x080039ac   0x080039ac   0x00000108   Code   RO          260    i.Resistance_Check  main.o
    0x08003ab4   0x08003ab4   0x00000058   Code   RO         2737    i.SPI_EndRxTxTransaction  stm32f4xx_hal_spi.o
    0x08003b0c   0x08003b0c   0x000000b8   Code   RO         2742    i.SPI_WaitFlagStateUntilTimeout  stm32f4xx_hal_spi.o
    0x08003bc4   0x08003bc4   0x00000002   Code   RO          695    i.SVC_Handler       stm32f4xx_it.o
    0x08003bc6   0x08003bc6   0x00000004   Code   RO          696    i.SysTick_Handler   stm32f4xx_it.o
    0x08003bca   0x08003bca   0x00000002   PAD
    0x08003bcc   0x08003bcc   0x00000098   Code   RO          261    i.SystemClock_Config  main.o
    0x08003c64   0x08003c64   0x00000010   Code   RO         4341    i.SystemInit        system_stm32f4xx.o
    0x08003c74   0x08003c74   0x0000000c   Code   RO          697    i.TIM1_UP_TIM10_IRQHandler  stm32f4xx_it.o
    0x08003c80   0x08003c80   0x00000098   Code   RO         3105    i.TIM_Base_SetConfig  stm32f4xx_hal_tim.o
    0x08003d18   0x08003d18   0x00000014   Code   RO         3116    i.TIM_ETR_SetConfig  stm32f4xx_hal_tim.o
    0x08003d2c   0x08003d2c   0x00000010   Code   RO         3117    i.TIM_ITRx_SetConfig  stm32f4xx_hal_tim.o
    0x08003d3c   0x08003d3c   0x00000022   Code   RO         3123    i.TIM_TI1_ConfigInputStage  stm32f4xx_hal_tim.o
    0x08003d5e   0x08003d5e   0x00000024   Code   RO         3125    i.TIM_TI2_ConfigInputStage  stm32f4xx_hal_tim.o
    0x08003d82   0x08003d82   0x00000010   Code   RO         4025    i.UART_DMAAbortOnError  stm32f4xx_hal_uart.o
    0x08003d92   0x08003d92   0x0000004e   Code   RO         4035    i.UART_EndRxTransfer  stm32f4xx_hal_uart.o
    0x08003de0   0x08003de0   0x000000c0   Code   RO         4037    i.UART_Receive_IT   stm32f4xx_hal_uart.o
    0x08003ea0   0x08003ea0   0x0000010c   Code   RO         4038    i.UART_SetConfig    stm32f4xx_hal_uart.o
    0x08003fac   0x08003fac   0x0000000c   Code   RO          698    i.USART1_IRQHandler  stm32f4xx_it.o
    0x08003fb8   0x08003fb8   0x00000002   Code   RO          699    i.UsageFault_Handler  stm32f4xx_it.o
    0x08003fba   0x08003fba   0x00000020   Code   RO         1924    i.__NVIC_SetPriority  stm32f4xx_hal_cortex.o
    0x08003fda   0x08003fda   0x00000006   PAD
    0x08003fe0   0x08003fe0   0x000003c4   Code   RO         4375    i.__hardfp_log      m_wm.l(log.o)
    0x080043a4   0x080043a4   0x000000f8   Code   RO         4426    i.__kernel_poly     m_wm.l(poly.o)
    0x0800449c   0x0800449c   0x00000004   PAD
    0x080044a0   0x080044a0   0x00000030   Code   RO         4412    i.__mathlib_dbl_divzero  m_wm.l(dunder.o)
    0x080044d0   0x080044d0   0x00000014   Code   RO         4413    i.__mathlib_dbl_infnan  m_wm.l(dunder.o)
    0x080044e4   0x080044e4   0x00000004   PAD
    0x080044e8   0x080044e8   0x00000020   Code   RO         4415    i.__mathlib_dbl_invalid  m_wm.l(dunder.o)
    0x08004508   0x08004508   0x0000000e   Code   RO         4471    i.__scatterload_copy  mc_w.l(handlers.o)
    0x08004516   0x08004516   0x00000002   Code   RO         4472    i.__scatterload_null  mc_w.l(handlers.o)
    0x08004518   0x08004518   0x0000000e   Code   RO         4473    i.__scatterload_zeroinit  mc_w.l(handlers.o)
    0x08004526   0x08004526   0x00000002   PAD
    0x08004528   0x08004528   0x0000000c   Code   RO         4451    i.__set_errno       mc_w.l(errno.o)
    0x08004534   0x08004534   0x0000007c   Code   RO          263    i.main              main.o
    0x080045b0   0x080045b0   0x00000010   Code   RO           25    i.oled_pow          oled.o
    0x080045c0   0x080045c0   0x00000bb0   Data   RO           27    .constdata          oled.o
    0x08005170   0x08005170   0x00000010   Data   RO         4342    .constdata          system_stm32f4xx.o
    0x08005180   0x08005180   0x00000008   Data   RO         4343    .constdata          system_stm32f4xx.o
    0x08005188   0x08005188   0x00000038   Data   RO         4378    .constdata          m_wm.l(log.o)
    0x080051c0   0x080051c0   0x00000008   Data   RO         4428    .constdata          m_wm.l(qnan.o)
    0x080051c8   0x080051c8   0x00000020   Data   RO         4469    Region$$Table       anon$$obj.o


    Execution Region RW_IRAM1 (Exec base: 0x20000000, Load base: 0x080051e8, Size: 0x000006e8, Max: 0x00020000, ABSOLUTE, COMPRESSED[0x00000050])

    Exec Addr    Load Addr    Size         Type   Attr      Idx    E Section Name        Object

    0x20000000   COMPRESSED   0x00000184   Data   RW          264    .data               main.o
    0x20000184   COMPRESSED   0x0000000c   Data   RW         2068    .data               stm32f4xx_hal.o
    0x20000190   COMPRESSED   0x00000004   Data   RW         4344    .data               system_stm32f4xx.o
    0x20000194   COMPRESSED   0x00000004   Data   RW         4452    .data               mc_w.l(errno.o)
    0x20000198        -       0x00000048   Zero   RW          480    .bss                adc.o
    0x200001e0        -       0x00000020   Zero   RW          522    .bss                rtc.o
    0x20000200        -       0x00000058   Zero   RW          564    .bss                spi.o
    0x20000258        -       0x00000048   Zero   RW          606    .bss                tim.o
    0x200002a0        -       0x00000044   Zero   RW          648    .bss                usart.o
    0x200002e4   COMPRESSED   0x00000004   PAD
    0x200002e8        -       0x00000400   Zero   RW            1    STACK               startup_stm32f411xe.o


==============================================================================

Image component sizes


      Code (inc. data)   RO Data    RW Data    ZI Data      Debug   Object Name

       216         24          0          0         72       1805   adc.o
       410         16          0          0          0       1889   gpio.o
      3180        306          0        388          0      15408   main.o
      1114         30       2992          0          0     474741   oled.o
       264         18          0          0         32       1855   rtc.o
       176         22          0          0         88       1765   spi.o
        36          8        408          0       1024        856   startup_stm32f411xe.o
       180         28          0         12          0       9441   stm32f4xx_hal.o
      1176         50          0          0          0       6065   stm32f4xx_hal_adc.o
       198         14          0          0          0      34071   stm32f4xx_hal_cortex.o
       182          0          0          0          0       2159   stm32f4xx_hal_dma.o
       524         40          0          0          0       3554   stm32f4xx_hal_gpio.o
        48          6          0          0          0        898   stm32f4xx_hal_msp.o
      1348         76          0          0          0       5360   stm32f4xx_hal_rcc.o
       340         26          0          0          0       1444   stm32f4xx_hal_rcc_ex.o
      1186         32          0          0          0       8869   stm32f4xx_hal_rtc.o
         2          0          0          0          0       1004   stm32f4xx_hal_rtc_ex.o
       818         12          0          0          0       4718   stm32f4xx_hal_spi.o
      1042         50          0          0          0      10421   stm32f4xx_hal_tim.o
       128         20          0          0          0       2537   stm32f4xx_hal_tim_ex.o
      1276         16          0          0          0       8552   stm32f4xx_hal_uart.o
        64         18          0          0          0       6339   stm32f4xx_it.o
        16          4         24          4          0       1187   system_stm32f4xx.o
       164         20          0          0         72       1782   tim.o
       180         22          0          0         68       1806   usart.o

    ----------------------------------------------------------------------
     14312        858       3456        404       1360     608526   Object Totals
         0          0         32          0          0          0   (incl. Generated)
        44          0          0          0          4          0   (incl. Padding)

    ----------------------------------------------------------------------

      Code (inc. data)   RO Data    RW Data    ZI Data      Debug   Library Member Name

       100         28          0          0          0        372   dunder.o
       964         92         56          0          0        316   log.o
       248          0          0          0          0        152   poly.o
         0          0          8          0          0          0   qnan.o
        86          0          0          0          0          0   __dczerorl2.o
         0          0          0          0          0          0   entry.o
         0          0          0          0          0          0   entry10a.o
         0          0          0          0          0          0   entry11a.o
         8          4          0          0          0          0   entry2.o
         4          0          0          0          0          0   entry5.o
         0          0          0          0          0          0   entry7b.o
         0          0          0          0          0          0   entry8b.o
         8          4          0          0          0          0   entry9a.o
        12          6          0          4          0         68   errno.o
        30          0          0          0          0          0   handlers.o
        36          8          0          0          0         68   init.o
         0          0          0          0          0          0   iusefp.o
        30          0          0          0          0         68   llshl.o
        36          0          0          0          0         68   llsshr.o
        32          0          0          0          0         68   llushr.o
        36          0          0          0          0        108   memseta.o
        98          0          0          0          0         92   uldiv.o
        48          0          0          0          0         68   cdcmple.o
        56          0          0          0          0         88   d2f.o
       334          0          0          0          0        148   dadd.o
       222          0          0          0          0        100   ddiv.o
       186          0          0          0          0        176   depilogue.o
        62          0          0          0          0         80   dfixi.o
        50          0          0          0          0         76   dfixui.o
        34          0          0          0          0         76   dflti.o
        26          0          0          0          0         76   dfltui.o
       228          0          0          0          0         96   dmul.o
        38          0          0          0          0         68   f2d.o
       110          0          0          0          0        168   fepilogue.o

    ----------------------------------------------------------------------
      3136        142         64          4          0       2600   Library Totals
        14          0          0          0          0          0   (incl. Padding)

    ----------------------------------------------------------------------

      Code (inc. data)   RO Data    RW Data    ZI Data      Debug   Library Name

      1312        120         64          0          0        840   m_wm.l
       416         22          0          4          0        540   mc_w.l
      1394          0          0          0          0       1220   mf_w.l

    ----------------------------------------------------------------------
      3136        142         64          4          0       2600   Library Totals

    ----------------------------------------------------------------------

==============================================================================


      Code (inc. data)   RO Data    RW Data    ZI Data      Debug   

     17448       1000       3520        408       1360     597978   Grand Totals
     17448       1000       3520         80       1360     597978   ELF Image Totals (compressed)
     17448       1000       3520         80          0          0   ROM Totals

==============================================================================

    Total RO  Size (Code + RO Data)                20968 (  20.48kB)
    Total RW  Size (RW Data + ZI Data)              1768 (   1.73kB)
    Total ROM Size (Code + RO Data + RW Data)      21048 (  20.55kB)

==============================================================================

